Archive member included because of file (symbol)

/home/nicky/stm32ubuntu13/gcc-arm-none-eabi-4_8-2014q3/bin/../lib/gcc/arm-none-eabi/4.8.4/../../../../arm-none-eabi/lib/armv7e-m/fpu/libc.a(lib_a-exit.o)
                              /home/nicky/stm32ubuntu13/gcc-arm-none-eabi-4_8-2014q3/bin/../lib/gcc/arm-none-eabi/4.8.4/../../../../arm-none-eabi/lib/armv7e-m/fpu/rdimon-crt0.o (exit)
/home/nicky/stm32ubuntu13/gcc-arm-none-eabi-4_8-2014q3/bin/../lib/gcc/arm-none-eabi/4.8.4/../../../../arm-none-eabi/lib/armv7e-m/fpu/libc.a(lib_a-impure.o)
                              /home/nicky/stm32ubuntu13/gcc-arm-none-eabi-4_8-2014q3/bin/../lib/gcc/arm-none-eabi/4.8.4/../../../../arm-none-eabi/lib/armv7e-m/fpu/libc.a(lib_a-exit.o) (_global_impure_ptr)
/home/nicky/stm32ubuntu13/gcc-arm-none-eabi-4_8-2014q3/bin/../lib/gcc/arm-none-eabi/4.8.4/../../../../arm-none-eabi/lib/armv7e-m/fpu/libc.a(lib_a-init.o)
                              /home/nicky/stm32ubuntu13/gcc-arm-none-eabi-4_8-2014q3/bin/../lib/gcc/arm-none-eabi/4.8.4/../../../../arm-none-eabi/lib/armv7e-m/fpu/rdimon-crt0.o (__libc_init_array)
/home/nicky/stm32ubuntu13/gcc-arm-none-eabi-4_8-2014q3/bin/../lib/gcc/arm-none-eabi/4.8.4/../../../../arm-none-eabi/lib/armv7e-m/fpu/libc.a(lib_a-memset.o)
                              /home/nicky/stm32ubuntu13/gcc-arm-none-eabi-4_8-2014q3/bin/../lib/gcc/arm-none-eabi/4.8.4/../../../../arm-none-eabi/lib/armv7e-m/fpu/rdimon-crt0.o (memset)
/home/nicky/stm32ubuntu13/gcc-arm-none-eabi-4_8-2014q3/bin/../lib/gcc/arm-none-eabi/4.8.4/../../../../arm-none-eabi/lib/armv7e-m/fpu/libc.a(lib_a-__call_atexit.o)
                              /home/nicky/stm32ubuntu13/gcc-arm-none-eabi-4_8-2014q3/bin/../lib/gcc/arm-none-eabi/4.8.4/../../../../arm-none-eabi/lib/armv7e-m/fpu/libc.a(lib_a-exit.o) (__call_exitprocs)
/home/nicky/stm32ubuntu13/gcc-arm-none-eabi-4_8-2014q3/bin/../lib/gcc/arm-none-eabi/4.8.4/../../../../arm-none-eabi/lib/armv7e-m/fpu/libc.a(lib_a-atexit.o)
                              /home/nicky/stm32ubuntu13/gcc-arm-none-eabi-4_8-2014q3/bin/../lib/gcc/arm-none-eabi/4.8.4/../../../../arm-none-eabi/lib/armv7e-m/fpu/libc.a(lib_a-__call_atexit.o) (atexit)
/home/nicky/stm32ubuntu13/gcc-arm-none-eabi-4_8-2014q3/bin/../lib/gcc/arm-none-eabi/4.8.4/../../../../arm-none-eabi/lib/armv7e-m/fpu/libc.a(lib_a-fini.o)
                              /home/nicky/stm32ubuntu13/gcc-arm-none-eabi-4_8-2014q3/bin/../lib/gcc/arm-none-eabi/4.8.4/../../../../arm-none-eabi/lib/armv7e-m/fpu/libc.a(lib_a-__call_atexit.o) (__libc_fini_array)
/home/nicky/stm32ubuntu13/gcc-arm-none-eabi-4_8-2014q3/bin/../lib/gcc/arm-none-eabi/4.8.4/../../../../arm-none-eabi/lib/armv7e-m/fpu/libc.a(lib_a-__atexit.o)
                              /home/nicky/stm32ubuntu13/gcc-arm-none-eabi-4_8-2014q3/bin/../lib/gcc/arm-none-eabi/4.8.4/../../../../arm-none-eabi/lib/armv7e-m/fpu/libc.a(lib_a-atexit.o) (__register_exitproc)
/home/nicky/stm32ubuntu13/gcc-arm-none-eabi-4_8-2014q3/bin/../lib/gcc/arm-none-eabi/4.8.4/../../../../arm-none-eabi/lib/armv7e-m/fpu/librdimon.a(rdimon-syscalls.o)
                              /home/nicky/stm32ubuntu13/gcc-arm-none-eabi-4_8-2014q3/bin/../lib/gcc/arm-none-eabi/4.8.4/../../../../arm-none-eabi/lib/armv7e-m/fpu/rdimon-crt0.o (initialise_monitor_handles)
/home/nicky/stm32ubuntu13/gcc-arm-none-eabi-4_8-2014q3/bin/../lib/gcc/arm-none-eabi/4.8.4/../../../../arm-none-eabi/lib/armv7e-m/fpu/librdimon.a(rdimon-_exit.o)
                              /home/nicky/stm32ubuntu13/gcc-arm-none-eabi-4_8-2014q3/bin/../lib/gcc/arm-none-eabi/4.8.4/../../../../arm-none-eabi/lib/armv7e-m/fpu/libc.a(lib_a-exit.o) (_exit)
/home/nicky/stm32ubuntu13/gcc-arm-none-eabi-4_8-2014q3/bin/../lib/gcc/arm-none-eabi/4.8.4/../../../../arm-none-eabi/lib/armv7e-m/fpu/librdimon.a(rdimon-_kill.o)
                              /home/nicky/stm32ubuntu13/gcc-arm-none-eabi-4_8-2014q3/bin/../lib/gcc/arm-none-eabi/4.8.4/../../../../arm-none-eabi/lib/armv7e-m/fpu/librdimon.a(rdimon-_exit.o) (_kill)
../../Libraries/libstm32f3.a(stm32f30x_exti.o)
                              objs/stm32f3_discovery.o (EXTI_Init)
../../Libraries/libstm32f3.a(stm32f30x_gpio.o)
                              objs/main.o (GPIO_Init)
../../Libraries/libstm32f3.a(stm32f30x_misc.o)
                              objs/stm32f3_discovery.o (NVIC_Init)
../../Libraries/libstm32f3.a(stm32f30x_rcc.o)
                              objs/main.o (RCC_AHBPeriphClockCmd)
../../Libraries/libstm32f3.a(stm32f30x_syscfg.o)
                              objs/stm32f3_discovery.o (SYSCFG_EXTILineConfig)
../../Libraries/libstm32f3.a(stm32f30x_usart.o)
                              objs/main.o (USART_Init)
/home/nicky/stm32ubuntu13/gcc-arm-none-eabi-4_8-2014q3/bin/../lib/gcc/arm-none-eabi/4.8.4/../../../../arm-none-eabi/lib/armv7e-m/fpu/libg.a(lib_a-errno.o)
[...]
Memory Configuration

Name             Origin             Length             Attributes
FLASH            0x08000000         0x00040000         xr
RAM              0x20000000         0x00008000         xrw
*default*        0x00000000         0xffffffff

Linker script and memory map

LOAD /home/nicky/stm32ubuntu13/gcc-arm-none-eabi-4_8-2014q3/bin/../lib/gcc/arm-none-eabi/4.8.4/armv7e-m/fpu/crti.o
LOAD /home/nicky/stm32ubuntu13/gcc-arm-none-eabi-4_8-2014q3/bin/../lib/gcc/arm-none-eabi/4.8.4/armv7e-m/fpu/crtbegin.o
LOAD /home/nicky/stm32ubuntu13/gcc-arm-none-eabi-4_8-2014q3/bin/../lib/gcc/arm-none-eabi/4.8.4/../../../../arm-none-eabi/lib/armv7e-m/fpu/rdimon-crt0.o
START GROUP
LOAD /home/nicky/stm32ubuntu13/gcc-arm-none-eabi-4_8-2014q3/bin/../lib/gcc/arm-none-eabi/4.8.4/armv7e-m/fpu/libgcc.a
LOAD /home/nicky/stm32ubuntu13/gcc-arm-none-eabi-4_8-2014q3/bin/../lib/gcc/arm-none-eabi/4.8.4/../../../../arm-none-eabi/lib/armv7e-m/fpu/libc.a
LOAD /home/nicky/stm32ubuntu13/gcc-arm-none-eabi-4_8-2014q3/bin/../lib/gcc/arm-none-eabi/4.8.4/../../../../arm-none-eabi/lib/armv7e-m/fpu/libm.a
LOAD /home/nicky/stm32ubuntu13/gcc-arm-none-eabi-4_8-2014q3/bin/../lib/gcc/arm-none-eabi/4.8.4/../../../../arm-none-eabi/lib/armv7e-m/fpu/librdimon.a
LOAD objs/main.o
LOAD objs/stm32f3_discovery.o
LOAD objs/system_stm32f30x.o
LOAD objs/stm32f30x_it.o
LOAD /tmp/ccYagK6V.o
LOAD ../../Libraries/libstm32f3.a
START GROUP
LOAD /home/nicky/stm32ubuntu13/gcc-arm-none-eabi-4_8-2014q3/bin/../lib/gcc/arm-none-eabi/4.8.4/armv7e-m/fpu/libgcc.a
LOAD /home/nicky/stm32ubuntu13/gcc-arm-none-eabi-4_8-2014q3/bin/../lib/gcc/arm-none-eabi/4.8.4/../../../../arm-none-eabi/lib/armv7e-m/fpu/libg.a
LOAD /home/nicky/stm32ubuntu13/gcc-arm-none-eabi-4_8-2014q3/bin/../lib/gcc/arm-none-eabi/4.8.4/../../../../arm-none-eabi/lib/armv7e-m/fpu/libc.a
END GROUP
START GROUP
LOAD /home/nicky/stm32ubuntu13/gcc-arm-none-eabi-4_8-2014q3/bin/../lib/gcc/arm-none-eabi/4.8.4/armv7e-m/fpu/libgcc.a
LOAD /home/nicky/stm32ubuntu13/gcc-arm-none-eabi-4_8-2014q3/bin/../lib/gcc/arm-none-eabi/4.8.4/../../../../arm-none-eabi/lib/armv7e-m/fpu/libc.a
LOAD /home/nicky/stm32ubuntu13/gcc-arm-none-eabi-4_8-2014q3/bin/../lib/gcc/arm-none-eabi/4.8.4/../../../../arm-none-eabi/lib/armv7e-m/fpu/librdimon.a
END GROUP
LOAD /home/nicky/stm32ubuntu13/gcc-arm-none-eabi-4_8-2014q3/bin/../lib/gcc/arm-none-eabi/4.8.4/armv7e-m/fpu/crtend.o
LOAD /home/nicky/stm32ubuntu13/gcc-arm-none-eabi-4_8-2014q3/bin/../lib/gcc/arm-none-eabi/4.8.4/armv7e-m/fpu/crtn.o
                0x20008000                _estack = 0x20008000

.isr_vector     0x08000000      0x188
                0x08000000                . = ALIGN (0x4)
 *(.isr_vector)
 .isr_vector    0x08000000      0x188 /tmp/ccYagK6V.o
                0x08000000                g_pfnVectors
                0x08000188                . = ALIGN (0x4)

.text           0x08000188     0x1220
                0x08000188                . = ALIGN (0x4)
 *(.text)
 .text          0x08000188      0x218 ../../Libraries/libstm32f3.a(stm32f30x_gpio.o)
                0x08000188                GPIO_DeInit
                0x08000254                GPIO_Init
                0x08000314                GPIO_StructInit
                0x08000328                GPIO_PinLockConfig
                0x08000338                GPIO_ReadInputDataBit
                0x08000344                GPIO_ReadInputData
                0x0800034c                GPIO_ReadOutputDataBit
                0x08000358                GPIO_ReadOutputData
                0x08000360                GPIO_SetBits
                0x08000364                GPIO_ResetBits
                0x08000368                GPIO_WriteBit
                0x08000374                GPIO_Write
                0x08000378                GPIO_PinAFConfig
 .text          0x080003a0      0x64c ../../Libraries/libstm32f3.a(stm32f30x_rcc.o)
                0x080003a0                RCC_DeInit
                0x080003f4                RCC_HSEConfig
                0x08000404                RCC_AdjustHSICalibrationValue
                0x08000418                RCC_HSICmd
                0x08000424                RCC_LSEConfig
                0x08000444                RCC_LSEDriveConfig
                0x0800045c                RCC_LSICmd
                0x08000468                RCC_PLLConfig
                0x08000480                RCC_PLLCmd
                0x0800048c                RCC_PREDIV1Config
                0x080004a0                RCC_ClockSecuritySystemCmd
                0x080004ac                RCC_MCOConfig
                0x080004b8                RCC_SYSCLKConfig
                0x080004cc                RCC_GetSYSCLKSource
                0x080004dc                RCC_HCLKConfig
                0x080004f0                RCC_PCLK1Config
                0x08000504                RCC_PCLK2Config
                0x08000518                RCC_GetClocksFreq
                0x0800079c                RCC_ADCCLKConfig
                0x080007bc                RCC_I2CCLKConfig
                0x080007dc                RCC_TIMCLKConfig
                0x080007fc                RCC_USARTCLKConfig
                0x08000858                RCC_USBCLKConfig
                0x08000864                RCC_RTCCLKConfig
                0x08000874                RCC_I2SCLKConfig
                0x08000880                RCC_RTCCLKCmd
                0x0800088c                RCC_BackupResetCmd
                0x08000898                RCC_AHBPeriphClockCmd
                0x080008b0                RCC_APB2PeriphClockCmd
                0x080008c8                RCC_APB1PeriphClockCmd
                0x080008e0                RCC_AHBPeriphResetCmd
                0x080008f8                RCC_APB2PeriphResetCmd
                0x08000910                RCC_APB1PeriphResetCmd
                0x08000928                RCC_ITConfig
                0x08000940                RCC_GetFlagStatus
                0x08000988                RCC_WaitForHSEStartUp
                0x080009bc                RCC_ClearFlag
                0x080009cc                RCC_GetITStatus
                0x080009e0                RCC_ClearITPendingBit
 .text          0x080009ec      0x510 ../../Libraries/libstm32f3.a(stm32f30x_usart.o)
                0x080009ec                USART_DeInit
                0x08000a9c                USART_Init
                0x08000b50                USART_StructInit
                0x08000b68                USART_ClockInit
                0x08000b88                USART_ClockStructInit
                0x08000b94                USART_Cmd
                0x08000ba8                USART_DirectionModeCmd
                0x08000bbc                USART_OverSampling8Cmd
                0x08000bd0                USART_OneBitMethodCmd
                0x08000be4                USART_MSBFirstCmd
                0x08000bf8                USART_DataInvCmd
                0x08000c0c                USART_InvPinCmd
                0x08000c20                USART_SWAPPinCmd
                0x08000c34                USART_ReceiverTimeOutCmd
                0x08000c48                USART_SetReceiverTimeOut
                0x08000c58                USART_SetPrescaler
                0x08000c6c                USART_STOPModeCmd
                0x08000c80                USART_StopModeWakeUpSourceConfig
                0x08000c90                USART_AutoBaudRateCmd
                0x08000ca4                USART_AutoBaudRateConfig
                0x08000cb4                USART_SendData
                0x08000cbc                USART_ReceiveData
                0x08000cc4                USART_SetAddress
                0x08000cd8                USART_MuteModeCmd
                0x08000cec                USART_MuteModeWakeUpConfig
                0x08000cfc                USART_AddressDetectionConfig
                0x08000d0c                USART_LINBreakDetectLengthConfig
                0x08000d1c                USART_LINCmd
                0x08000d30                USART_HalfDuplexCmd
                0x08000d44                USART_SetGuardTime
                0x08000d58                USART_SmartCardCmd
                0x08000d6c                USART_SmartCardNACKCmd
                0x08000d80                USART_SetAutoRetryCount
                0x08000d94                USART_SetBlockLength
                0x08000da8                USART_IrDAConfig
                0x08000db8                USART_IrDACmd
                0x08000dcc                USART_DECmd
                0x08000de0                USART_DEPolarityConfig
                0x08000df0                USART_SetDEAssertionTime
                0x08000e04                USART_SetDEDeassertionTime
                0x08000e18                USART_DMACmd
                0x08000e2c                USART_DMAReceptionErrorConfig
                0x08000e3c                USART_ITConfig
                0x08000e74                USART_RequestCmd
                0x08000e8c                USART_OverrunDetectionConfig
                0x08000e9c                USART_GetFlagStatus
                0x08000ea8                USART_ClearFlag
                0x08000eac                USART_GetITStatus
                0x08000ef0                USART_ClearITPendingBit
 *(.text.*)
 .text.__libc_init_array
                0x08000efc       0x50 /home/nicky/stm32ubuntu13/gcc-arm-none-eabi-4_8-2014q3/bin/../lib/gcc/arm-none-eabi/4.8.4/../../../../arm-none-eabi/lib/armv7e-m/fpu/libc.a(lib_a-init.o)
                0x08000efc                __libc_init_array
 .text.NVIC_SetPriority
                0x08000f4c       0x54 objs/main.o
 .text.SysTick_Config
                0x08000fa0       0x44 objs/main.o
 .text.USART_PutChar
                0x08000fe4       0x30 objs/main.o
                0x08000fe4                USART_PutChar
 .text.USART_PutString
                0x08001014       0x28 objs/main.o
                0x08001014                USART_PutString
 .text.main     0x0800103c       0xec objs/main.o
                0x0800103c                main
 .text.Delay    0x08001128       0x28 objs/main.o
                0x08001128                Delay
 .text.SystemInit
                0x08001150       0x90 objs/system_stm32f30x.o
                0x08001150                SystemInit
 .text.SetSysClock
                0x080011e0       0xe0 objs/system_stm32f30x.o
 .text.NMI_Handler
                0x080012c0        0xc objs/stm32f30x_it.o
                0x080012c0                NMI_Handler
 .text.HardFault_Handler
                0x080012cc        0x8 objs/stm32f30x_it.o
                0x080012cc                HardFault_Handler
 .text.MemManage_Handler
                0x080012d4        0x8 objs/stm32f30x_it.o
                0x080012d4                MemManage_Handler
 .text.BusFault_Handler
                0x080012dc        0x8 objs/stm32f30x_it.o
                0x080012dc                BusFault_Handler
 .text.UsageFault_Handler
                0x080012e4        0x8 objs/stm32f30x_it.o
                0x080012e4                UsageFault_Handler
 .text.SVC_Handler
                0x080012ec        0xc objs/stm32f30x_it.o
                0x080012ec                SVC_Handler
 .text.DebugMon_Handler
                0x080012f8        0xc objs/stm32f30x_it.o
                0x080012f8                DebugMon_Handler
 .text.PendSV_Handler
                0x08001304        0xc objs/stm32f30x_it.o
                0x08001304                PendSV_Handler
 .text.SysTick_Handler
                0x08001310       0x24 objs/stm32f30x_it.o
                0x08001310                SysTick_Handler
 .text.Reset_Handler
                0x08001334       0x54 /tmp/ccYagK6V.o
                0x08001334                Reset_Handler
 .text.Default_Handler
                0x08001388        0x4 /tmp/ccYagK6V.o
                0x08001388                RTC_Alarm_IRQHandler
                0x08001388                TIM8_TRG_COM_IRQHandler
                0x08001388                TIM8_CC_IRQHandler
                0x08001388                TIM1_CC_IRQHandler
                0x08001388                USB_HP_IRQHandler
                0x08001388                PVD_IRQHandler
                0x08001388                EXTI3_IRQHandler
                0x08001388                EXTI0_IRQHandler
                0x08001388                I2C2_EV_IRQHandler
                0x08001388                FPU_IRQHandler
                0x08001388                EXTI2_TS_IRQHandler
                0x08001388                TIM1_UP_TIM16_IRQHandler
                0x08001388                ADC1_2_IRQHandler
                0x08001388                SPI1_IRQHandler
                0x08001388                TIM6_DAC_IRQHandler
                0x08001388                TIM8_UP_IRQHandler
                0x08001388                DMA2_Channel2_IRQHandler
                0x08001388                DMA1_Channel4_IRQHandler
                0x08001388                USART3_IRQHandler
                0x08001388                DMA1_Channel7_IRQHandler
                0x08001388                CAN1_RX1_IRQHandler
                0x08001388                UART5_IRQHandler
                0x08001388                ADC3_IRQHandler
                0x08001388                TIM4_IRQHandler
                0x08001388                DMA2_Channel1_IRQHandler
                0x08001388                I2C1_EV_IRQHandler
                0x08001388                DMA1_Channel6_IRQHandler
                0x08001388                UART4_IRQHandler
                0x08001388                DMA2_Channel4_IRQHandler
                0x08001388                TIM3_IRQHandler
                0x08001388                RCC_IRQHandler
                0x08001388                DMA1_Channel1_IRQHandler
                0x08001388                Default_Handler
                0x08001388                USBWakeUp_RMP_IRQHandler
                0x08001388                EXTI15_10_IRQHandler
                0x08001388                TIM7_IRQHandler
                0x08001388                EXTI9_5_IRQHandler
                0x08001388                TAMPER_STAMP_IRQHandler
                0x08001388                RTC_WKUP_IRQHandler
                0x08001388                SPI2_IRQHandler
                0x08001388                DMA2_Channel5_IRQHandler
                0x08001388                DMA1_Channel5_IRQHandler
                0x08001388                USB_LP_IRQHandler
                0x08001388                EXTI4_IRQHandler
                0x08001388                USB_LP_CAN1_RX0_IRQHandler
                0x08001388                TIM1_TRG_COM_TIM17_IRQHandler
                0x08001388                USB_HP_CAN1_TX_IRQHandler
                0x08001388                DMA1_Channel3_IRQHandler
                0x08001388                ADC4_IRQHandler
                0x08001388                WWDG_IRQHandler
                0x08001388                TIM2_IRQHandler
                0x08001388                COMP7_IRQHandler
                0x08001388                COMP1_2_3_IRQHandler
                0x08001388                EXTI1_IRQHandler
                0x08001388                USART2_IRQHandler
                0x08001388                COMP4_5_6_IRQHandler
                0x08001388                I2C2_ER_IRQHandler
                0x08001388                DMA1_Channel2_IRQHandler
                0x08001388                TIM8_BRK_IRQHandler
                0x08001388                CAN1_SCE_IRQHandler
                0x08001388                FLASH_IRQHandler
                0x08001388                USART1_IRQHandler
                0x08001388                SPI3_IRQHandler
                0x08001388                I2C1_ER_IRQHandler
                0x08001388                USBWakeUp_IRQHandler
                0x08001388                DMA2_Channel3_IRQHandler
                0x08001388                TIM1_BRK_TIM15_IRQHandler
 *(.rodata)
 .rodata        0x0800138c        0x4 objs/main.o
 *(.rodata*)
 *(.glue_7)
 .glue_7        0x00000000        0x0 linker stubs
 *(.glue_7t)
 .glue_7t       0x00000000        0x0 linker stubs
 *(.init)
 .init          0x08001390        0x4 /home/nicky/stm32ubuntu13/gcc-arm-none-eabi-4_8-2014q3/bin/../lib/gcc/arm-none-eabi/4.8.4/armv7e-m/fpu/crti.o
                0x08001390                _init
 .init          0x08001394        0x8 /home/nicky/stm32ubuntu13/gcc-arm-none-eabi-4_8-2014q3/bin/../lib/gcc/arm-none-eabi/4.8.4/armv7e-m/fpu/crtn.o
 *(.fini)
 .fini          0x0800139c        0x4 /home/nicky/stm32ubuntu13/gcc-arm-none-eabi-4_8-2014q3/bin/../lib/gcc/arm-none-eabi/4.8.4/armv7e-m/fpu/crti.o
                0x0800139c                _fini
 .fini          0x080013a0        0x8 /home/nicky/stm32ubuntu13/gcc-arm-none-eabi-4_8-2014q3/bin/../lib/gcc/arm-none-eabi/4.8.4/armv7e-m/fpu/crtn.o
                0x080013a8                . = ALIGN (0x4)
                0x080013a8                _etext = .
                0x080013a8                _sidata = _etext

.vfp11_veneer   0x080013a8        0x0
 .vfp11_veneer  0x00000000        0x0 linker stubs

.v4_bx          0x080013a8        0x0
 .v4_bx         0x00000000        0x0 linker stubs

.iplt           0x080013a8        0x0
 .iplt          0x00000000        0x0 /home/nicky/stm32ubuntu13/gcc-arm-none-eabi-4_8-2014q3/bin/../lib/gcc/arm-none-eabi/4.8.4/armv7e-m/fpu/crtbegin.o

.rel.dyn        0x080013a8        0x0
 .rel.iplt      0x00000000        0x0 /home/nicky/stm32ubuntu13/gcc-arm-none-eabi-4_8-2014q3/bin/../lib/gcc/arm-none-eabi/4.8.4/armv7e-m/fpu/crtbegin.o

.data           0x20000000       0x30 load address 0x080013a8
                0x20000000                . = ALIGN (0x4)
                0x20000000                _sdata = .
                0x20000000                _data = .
 *(.data)
 .data          0x20000000       0x2c ../../Libraries/libstm32f3.a(stm32f30x_rcc.o)
 *(.data.*)
 .data.SystemCoreClock
                0x2000002c        0x4 objs/system_stm32f30x.o
                0x2000002c                SystemCoreClock
 *(.RAMtext)
                0x20000030                . = ALIGN (0x4)
                0x20000030                _edata = .

.igot.plt       0x20000030        0x0 load address 0x080013d8
 .igot.plt      0x00000000        0x0 /home/nicky/stm32ubuntu13/gcc-arm-none-eabi-4_8-2014q3/bin/../lib/gcc/arm-none-eabi/4.8.4/armv7e-m/fpu/crtbegin.o

.bss            0x20000030        0xc load address 0x080013d8
                0x20000030                . = ALIGN (0x4)
                0x20000030                _sbss = .
                0x20000030                _bss = .
 *(.bss)
 *(.bss.*)
 .bss.TimingDelay
                0x20000030        0x4 objs/main.o
                0x20000030                TimingDelay
 *(COMMON)
 COMMON         0x20000034        0x8 objs/main.o
                0x20000034                GPIO_InitStructure
                0x2000003c                . = ALIGN (0x4)
                0x2000003c                _ebss = .
                0x2000003c                PROVIDE (end, _ebss)
                0x2000003c                PROVIDE (_end, _ebss)
                0x2000003c                __exidx_start = .
                0x2000003c                __exidx_end = .

/DISCARD/
 libc.a(*)
 libm.a(*)
 libgcc.a(*)

.stab
 *(.stab)

.stabstr
 *(.stabstr)

.stab.excl
 *(.stab.excl)

.stab.exclstr
 *(.stab.exclstr)

.stab.index
 *(.stab.index)

.stab.indexstr
 *(.stab.indexstr)

.comment        0x00000000       0x70
 *(.comment)
 .comment       0x00000000       0x70 objs/main.o
                                 0x71 (size before relaxing)
 .comment       0x00000000       0x71 objs/system_stm32f30x.o
 .comment       0x00000000       0x71 objs/stm32f30x_it.o
 .comment       0x00000000       0x71 ../../Libraries/libstm32f3.a(stm32f30x_gpio.o)
 .comment       0x00000000       0x71 ../../Libraries/libstm32f3.a(stm32f30x_rcc.o)
 .comment       0x00000000       0x71 ../../Libraries/libstm32f3.a(stm32f30x_usart.o)

.ARM.attributes
                0x00000000       0x30
 .ARM.attributes
                0x00000000       0x22 /home/nicky/stm32ubuntu13/gcc-arm-none-eabi-4_8-2014q3/bin/../lib/gcc/arm-none-eabi/4.8.4/armv7e-m/fpu/crti.o
 .ARM.attributes
                0x00000022       0x34 /home/nicky/stm32ubuntu13/gcc-arm-none-eabi-4_8-2014q3/bin/../lib/gcc/arm-none-eabi/4.8.4/../../../../arm-none-eabi/lib/armv7e-m/fpu/libc.a(lib_a-init.o)
 .ARM.attributes
                0x00000056       0x39 objs/main.o
 .ARM.attributes
                0x0000008f       0x39 objs/system_stm32f30x.o
 .ARM.attributes
                0x000000c8       0x39 objs/stm32f30x_it.o
 .ARM.attributes
                0x00000101       0x21 /tmp/ccYagK6V.o
 .ARM.attributes
                0x00000122       0x39 ../../Libraries/libstm32f3.a(stm32f30x_gpio.o)
 .ARM.attributes
                0x0000015b       0x39 ../../Libraries/libstm32f3.a(stm32f30x_rcc.o)
 .ARM.attributes
                0x00000194       0x39 ../../Libraries/libstm32f3.a(stm32f30x_usart.o)
 .ARM.attributes
                0x000001cd       0x22 /home/nicky/stm32ubuntu13/gcc-arm-none-eabi-4_8-2014q3/bin/../lib/gcc/arm-none-eabi/4.8.4/armv7e-m/fpu/crtn.o

.debug
 *(.debug)

.line
 *(.line)

.debug_srcinfo
 *(.debug_srcinfo)

.debug_sfnames
 *(.debug_sfnames)

.debug_aranges  0x00000000      0x160
 *(.debug_aranges)
 .debug_aranges
                0x00000000       0x48 objs/main.o
 .debug_aranges
                0x00000048       0x30 objs/system_stm32f30x.o
 .debug_aranges
                0x00000078       0x60 objs/stm32f30x_it.o
 .debug_aranges
                0x000000d8       0x28 /tmp/ccYagK6V.o
 .debug_aranges
                0x00000100       0x20 ../../Libraries/libstm32f3.a(stm32f30x_gpio.o)
 .debug_aranges
                0x00000120       0x20 ../../Libraries/libstm32f3.a(stm32f30x_rcc.o)
 .debug_aranges
                0x00000140       0x20 ../../Libraries/libstm32f3.a(stm32f30x_usart.o)

.debug_pubnames
 *(.debug_pubnames)

.debug_info     0x00000000     0x3258
 *(.debug_info .gnu.linkonce.wi.*)
 .debug_info    0x00000000      0xa25 objs/main.o
 .debug_info    0x00000a25      0x4a0 objs/system_stm32f30x.o
 .debug_info    0x00000ec5      0x15d objs/stm32f30x_it.o
 .debug_info    0x00001022       0x77 /tmp/ccYagK6V.o
 .debug_info    0x00001099      0x725 ../../Libraries/libstm32f3.a(stm32f30x_gpio.o)
 .debug_info    0x000017be      0xac3 ../../Libraries/libstm32f3.a(stm32f30x_rcc.o)
 .debug_info    0x00002281      0xfd7 ../../Libraries/libstm32f3.a(stm32f30x_usart.o)

.debug_abbrev   0x00000000      0x9b3
 *(.debug_abbrev)
 .debug_abbrev  0x00000000      0x217 objs/main.o
 .debug_abbrev  0x00000217      0x14a objs/system_stm32f30x.o
 .debug_abbrev  0x00000361       0x7b objs/stm32f30x_it.o
 .debug_abbrev  0x000003dc       0x12 /tmp/ccYagK6V.o
 .debug_abbrev  0x000003ee      0x1e9 ../../Libraries/libstm32f3.a(stm32f30x_gpio.o)
 .debug_abbrev  0x000005d7      0x20b ../../Libraries/libstm32f3.a(stm32f30x_rcc.o)
 .debug_abbrev  0x000007e2      0x1d1 ../../Libraries/libstm32f3.a(stm32f30x_usart.o)

.debug_line     0x00000000     0x190a
 *(.debug_line)
 .debug_line    0x00000000      0x562 objs/main.o
 .debug_line    0x00000562      0x501 objs/system_stm32f30x.o
 .debug_line    0x00000a63      0x556 objs/stm32f30x_it.o
 .debug_line    0x00000fb9       0x7d /tmp/ccYagK6V.o
 .debug_line    0x00001036      0x21d ../../Libraries/libstm32f3.a(stm32f30x_gpio.o)
 .debug_line    0x00001253      0x343 ../../Libraries/libstm32f3.a(stm32f30x_rcc.o)
 .debug_line    0x00001596      0x374 ../../Libraries/libstm32f3.a(stm32f30x_usart.o)

.debug_frame    0x00000000      0x928
 *(.debug_frame)
 .debug_frame   0x00000000       0x2c /home/nicky/stm32ubuntu13/gcc-arm-none-eabi-4_8-2014q3/bin/../lib/gcc/arm-none-eabi/4.8.4/../../../../arm-none-eabi/lib/armv7e-m/fpu/libc.a(lib_a-init.o)
 .debug_frame   0x0000002c       0xc8 objs/main.o
 .debug_frame   0x000000f4       0x64 objs/system_stm32f30x.o
 .debug_frame   0x00000158       0xe8 objs/stm32f30x_it.o
 .debug_frame   0x00000240      0x104 ../../Libraries/libstm32f3.a(stm32f30x_gpio.o)
 .debug_frame   0x00000344      0x294 ../../Libraries/libstm32f3.a(stm32f30x_rcc.o)
 .debug_frame   0x000005d8      0x350 ../../Libraries/libstm32f3.a(stm32f30x_usart.o)

.debug_str      0x00000000    0x548d0
 *(.debug_str)
 .debug_str     0x00000000    0x538c1 objs/main.o
                              0x53a54 (size before relaxing)
 .debug_str     0x000538c1      0x11b objs/system_stm32f30x.o
                              0x53083 (size before relaxing)
 .debug_str     0x000539dc       0x9f objs/stm32f30x_it.o
                              0x5330b (size before relaxing)
 .debug_str     0x00053a7b      0x289 ../../Libraries/libstm32f3.a(stm32f30x_gpio.o)
                                0x4e8 (size before relaxing)
 .debug_str     0x00053d04      0x57c ../../Libraries/libstm32f3.a(stm32f30x_rcc.o)
                                0x81e (size before relaxing)
 .debug_str     0x00054280      0x650 ../../Libraries/libstm32f3.a(stm32f30x_usart.o)
                                0xa69 (size before relaxing)

.debug_loc      0x00000000     0x1725
 *(.debug_loc)
 .debug_loc     0x00000000      0x337 ../../Libraries/libstm32f3.a(stm32f30x_gpio.o)
 .debug_loc     0x00000337      0xad7 ../../Libraries/libstm32f3.a(stm32f30x_rcc.o)
 .debug_loc     0x00000e0e      0x917 ../../Libraries/libstm32f3.a(stm32f30x_usart.o)

.debug_macinfo
 *(.debug_macinfo)

.debug_weaknames
 *(.debug_weaknames)

.debug_funcnames
 *(.debug_funcnames)

.debug_typenames
 *(.debug_typenames)

.debug_varnames
 *(.debug_varnames)
END GROUP
OUTPUT(main.elf elf32-littlearm)

.debug_ranges   0x00000000       0xc8
 .debug_ranges  0x00000000       0x38 objs/main.o
 .debug_ranges  0x00000038       0x20 objs/system_stm32f30x.o
 .debug_ranges  0x00000058       0x50 objs/stm32f30x_it.o
 .debug_ranges  0x000000a8       0x20 /tmp/ccYagK6V.o

.debug_macro    0x00000000     0xcca9
 .debug_macro   0x00000000      0x183 objs/main.o
 .debug_macro   0x00000183      0x856 objs/main.o
 .debug_macro   0x000009d9       0x7a objs/main.o
 .debug_macro   0x00000a53       0x3b objs/main.o
 .debug_macro   0x00000a8e       0x16 objs/main.o
 .debug_macro   0x00000aa4       0x44 objs/main.o
 .debug_macro   0x00000ae8      0x209 objs/main.o
 .debug_macro   0x00000cf1       0x18 objs/main.o
 .debug_macro   0x00000d09       0x42 objs/main.o
 .debug_macro   0x00000d4b      0xc91 objs/main.o
 .debug_macro   0x000019dc     0x76cc objs/main.o
 .debug_macro   0x000090a8      0x521 objs/main.o
 .debug_macro   0x000095c9      0x3cf objs/main.o
 .debug_macro   0x00009998       0x46 objs/main.o
 .debug_macro   0x000099de      0x231 objs/main.o
 .debug_macro   0x00009c0f      0x196 objs/main.o
 .debug_macro   0x00009da5       0x8e objs/main.o
 .debug_macro   0x00009e33      0x3a8 objs/main.o
 .debug_macro   0x0000a1db      0x114 objs/main.o
 .debug_macro   0x0000a2ef      0x1e4 objs/main.o
 .debug_macro   0x0000a4d3      0x1a1 objs/main.o
 .debug_macro   0x0000a674      0x1df objs/main.o
 .debug_macro   0x0000a853      0x29a objs/main.o
 .debug_macro   0x0000aaed       0x70 objs/main.o
 .debug_macro   0x0000ab5d      0x10c objs/main.o
 .debug_macro   0x0000ac69       0xb8 objs/main.o
 .debug_macro   0x0000ad21      0x5c6 objs/main.o
 .debug_macro   0x0000b2e7      0x551 objs/main.o
 .debug_macro   0x0000b838      0x3ab objs/main.o
 .debug_macro   0x0000bbe3      0x8d8 objs/main.o
 .debug_macro   0x0000c4bb      0x364 objs/main.o
 .debug_macro   0x0000c81f       0x34 objs/main.o
 .debug_macro   0x0000c853       0x89 objs/main.o
 .debug_macro   0x0000c8dc       0xd8 objs/main.o
 .debug_macro   0x0000c9b4      0x172 objs/system_stm32f30x.o
 .debug_macro   0x0000cb26      0x183 objs/stm32f30x_it.o
