Archive member included because of file (symbol)

/home/nicky/stm32ubuntu13/gcc-arm-none-eabi-4_8-2014q3/bin/../lib/gcc/arm-none-eabi/4.8.4/../../../../arm-none-eabi/lib/armv7e-m/fpu/libc_s.a(lib_a-exit.o)
                              /home/nicky/stm32ubuntu13/gcc-arm-none-eabi-4_8-2014q3/bin/../lib/gcc/arm-none-eabi/4.8.4/../../../../arm-none-eabi/lib/armv7e-m/fpu/rdimon-crt0.o (exit)
/home/nicky/stm32ubuntu13/gcc-arm-none-eabi-4_8-2014q3/bin/../lib/gcc/arm-none-eabi/4.8.4/../../../../arm-none-eabi/lib/armv7e-m/fpu/libc_s.a(lib_a-impure.o)
                              /home/nicky/stm32ubuntu13/gcc-arm-none-eabi-4_8-2014q3/bin/../lib/gcc/arm-none-eabi/4.8.4/../../../../arm-none-eabi/lib/armv7e-m/fpu/libc_s.a(lib_a-exit.o) (_global_impure_ptr)
/home/nicky/stm32ubuntu13/gcc-arm-none-eabi-4_8-2014q3/bin/../lib/gcc/arm-none-eabi/4.8.4/../../../../arm-none-eabi/lib/armv7e-m/fpu/libc_s.a(lib_a-init.o)
                              /home/nicky/stm32ubuntu13/gcc-arm-none-eabi-4_8-2014q3/bin/../lib/gcc/arm-none-eabi/4.8.4/../../../../arm-none-eabi/lib/armv7e-m/fpu/rdimon-crt0.o (__libc_init_array)
/home/nicky/stm32ubuntu13/gcc-arm-none-eabi-4_8-2014q3/bin/../lib/gcc/arm-none-eabi/4.8.4/../../../../arm-none-eabi/lib/armv7e-m/fpu/libc_s.a(lib_a-memset.o)
                              /home/nicky/stm32ubuntu13/gcc-arm-none-eabi-4_8-2014q3/bin/../lib/gcc/arm-none-eabi/4.8.4/../../../../arm-none-eabi/lib/armv7e-m/fpu/rdimon-crt0.o (memset)
/home/nicky/stm32ubuntu13/gcc-arm-none-eabi-4_8-2014q3/bin/../lib/gcc/arm-none-eabi/4.8.4/../../../../arm-none-eabi/lib/armv7e-m/fpu/librdimon_s.a(rdimon-syscalls.o)
                              /home/nicky/stm32ubuntu13/gcc-arm-none-eabi-4_8-2014q3/bin/../lib/gcc/arm-none-eabi/4.8.4/../../../../arm-none-eabi/lib/armv7e-m/fpu/rdimon-crt0.o (initialise_monitor_handles)
/home/nicky/stm32ubuntu13/gcc-arm-none-eabi-4_8-2014q3/bin/../lib/gcc/arm-none-eabi/4.8.4/../../../../arm-none-eabi/lib/armv7e-m/fpu/librdimon_s.a(rdimon-_exit.o)
                              /home/nicky/stm32ubuntu13/gcc-arm-none-eabi-4_8-2014q3/bin/../lib/gcc/arm-none-eabi/4.8.4/../../../../arm-none-eabi/lib/armv7e-m/fpu/libc_s.a(lib_a-exit.o) (_exit)
/home/nicky/stm32ubuntu13/gcc-arm-none-eabi-4_8-2014q3/bin/../lib/gcc/arm-none-eabi/4.8.4/../../../../arm-none-eabi/lib/armv7e-m/fpu/librdimon_s.a(rdimon-_kill.o)
                              /home/nicky/stm32ubuntu13/gcc-arm-none-eabi-4_8-2014q3/bin/../lib/gcc/arm-none-eabi/4.8.4/../../../../arm-none-eabi/lib/armv7e-m/fpu/librdimon_s.a(rdimon-_exit.o) (_kill)
../../../Libraries/libstm32f3.a(stm32f30x_exti.o)
                              objs/stm32f3_discovery.o (EXTI_Init)
../../../Libraries/libstm32f3.a(stm32f30x_gpio.o)
                              objs/stm32f3_discovery.o (GPIO_Init)
../../../Libraries/libstm32f3.a(stm32f30x_misc.o)
                              objs/stm32f3_discovery.o (NVIC_Init)
../../../Libraries/libstm32f3.a(stm32f30x_rcc.o)
                              objs/stm32f3_discovery.o (RCC_AHBPeriphClockCmd)
../../../Libraries/libstm32f3.a(stm32f30x_syscfg.o)
                              objs/stm32f3_discovery.o (SYSCFG_EXTILineConfig)
/home/nicky/stm32ubuntu13/gcc-arm-none-eabi-4_8-2014q3/bin/../lib/gcc/arm-none-eabi/4.8.4/../../../../arm-none-eabi/lib/armv7e-m/fpu/libg_s.a(lib_a-errno.o)
                              /home/nicky/stm32ubuntu13/gcc-arm-none-eabi-4_8-2014q3/bin/../lib/gcc/arm-none-eabi/4.8.4/../../../../arm-none-eabi/lib/armv7e-m/fpu/librdimon_s.a(rdimon-syscalls.o) (__errno)
/home/nicky/stm32ubuntu13/gcc-arm-none-eabi-4_8-2014q3/bin/../lib/gcc/arm-none-eabi/4.8.4/../../../../arm-none-eabi/lib/armv7e-m/fpu/libg_s.a(lib_a-findfp.o)
                              /home/nicky/stm32ubuntu13/gcc-arm-none-eabi-4_8-2014q3/bin/../lib/gcc/arm-none-eabi/4.8.4/../../../../arm-none-eabi/lib/armv7e-m/fpu/librdimon_s.a(rdimon-syscalls.o) (__sinit)
/home/nicky/stm32ubuntu13/gcc-arm-none-eabi-4_8-2014q3/bin/../lib/gcc/arm-none-eabi/4.8.4/../../../../arm-none-eabi/lib/armv7e-m/fpu/libg_s.a(lib_a-fwalk.o)
                              /home/nicky/stm32ubuntu13/gcc-arm-none-eabi-4_8-2014q3/bin/../lib/gcc/arm-none-eabi/4.8.4/../../../../arm-none-eabi/lib/armv7e-m/fpu/libg_s.a(lib_a-findfp.o) (_fwalk)
/home/nicky/stm32ubuntu13/gcc-arm-none-eabi-4_8-2014q3/bin/../lib/gcc/arm-none-eabi/4.8.4/../../../../arm-none-eabi/lib/armv7e-m/fpu/libg_s.a(lib_a-nano-mallocr.o)
                              /home/nicky/stm32ubuntu13/gcc-arm-none-eabi-4_8-2014q3/bin/../lib/gcc/arm-none-eabi/4.8.4/../../../../arm-none-eabi/lib/armv7e-m/fpu/libg_s.a(lib_a-findfp.o) (_malloc_r)
/home/nicky/stm32ubuntu13/gcc-arm-none-eabi-4_8-2014q3/bin/../lib/gcc/arm-none-eabi/4.8.4/../../../../arm-none-eabi/lib/armv7e-m/fpu/libg_s.a(lib_a-sbrkr.o)
                              /home/nicky/stm32ubuntu13/gcc-arm-none-eabi-4_8-2014q3/bin/../lib/gcc/arm-none-eabi/4.8.4/../../../../arm-none-eabi/lib/armv7e-m/fpu/libg_s.a(lib_a-nano-mallocr.o) (_sbrk_r)
/home/nicky/stm32ubuntu13/gcc-arm-none-eabi-4_8-2014q3/bin/../lib/gcc/arm-none-eabi/4.8.4/../../../../arm-none-eabi/lib/armv7e-m/fpu/libg_s.a(lib_a-stdio.o)
                              /home/nicky/stm32ubuntu13/gcc-arm-none-eabi-4_8-2014q3/bin/../lib/gcc/arm-none-eabi/4.8.4/../../../../arm-none-eabi/lib/armv7e-m/fpu/libg_s.a(lib_a-findfp.o) (__sread)
/home/nicky/stm32ubuntu13/gcc-arm-none-eabi-4_8-2014q3/bin/../lib/gcc/arm-none-eabi/4.8.4/../../../../arm-none-eabi/lib/armv7e-m/fpu/libg_s.a(lib_a-strlen.o)
                              /home/nicky/stm32ubuntu13/gcc-arm-none-eabi-4_8-2014q3/bin/../lib/gcc/arm-none-eabi/4.8.4/../../../../arm-none-eabi/lib/armv7e-m/fpu/librdimon_s.a(rdimon-syscalls.o) (strlen)
/home/nicky/stm32ubuntu13/gcc-arm-none-eabi-4_8-2014q3/bin/../lib/gcc/arm-none-eabi/4.8.4/../../../../arm-none-eabi/lib/armv7e-m/fpu/libg_s.a(lib_a-writer.o)
                              /home/nicky/stm32ubuntu13/gcc-arm-none-eabi-4_8-2014q3/bin/../lib/gcc/arm-none-eabi/4.8.4/../../../../arm-none-eabi/lib/armv7e-m/fpu/libg_s.a(lib_a-stdio.o) (_write_r)
/home/nicky/stm32ubuntu13/gcc-arm-none-eabi-4_8-2014q3/bin/../lib/gcc/arm-none-eabi/4.8.4/../../../../arm-none-eabi/lib/armv7e-m/fpu/libg_s.a(lib_a-closer.o)
                              /home/nicky/stm32ubuntu13/gcc-arm-none-eabi-4_8-2014q3/bin/../lib/gcc/arm-none-eabi/4.8.4/../../../../arm-none-eabi/lib/armv7e-m/fpu/libg_s.a(lib_a-stdio.o) (_close_r)
/home/nicky/stm32ubuntu13/gcc-arm-none-eabi-4_8-2014q3/bin/../lib/gcc/arm-none-eabi/4.8.4/../../../../arm-none-eabi/lib/armv7e-m/fpu/libg_s.a(lib_a-fflush.o)
                              /home/nicky/stm32ubuntu13/gcc-arm-none-eabi-4_8-2014q3/bin/../lib/gcc/arm-none-eabi/4.8.4/../../../../arm-none-eabi/lib/armv7e-m/fpu/libg_s.a(lib_a-findfp.o) (_fflush_r)
/home/nicky/stm32ubuntu13/gcc-arm-none-eabi-4_8-2014q3/bin/../lib/gcc/arm-none-eabi/4.8.4/../../../../arm-none-eabi/lib/armv7e-m/fpu/libg_s.a(lib_a-lseekr.o)
                              /home/nicky/stm32ubuntu13/gcc-arm-none-eabi-4_8-2014q3/bin/../lib/gcc/arm-none-eabi/4.8.4/../../../../arm-none-eabi/lib/armv7e-m/fpu/libg_s.a(lib_a-stdio.o) (_lseek_r)
/home/nicky/stm32ubuntu13/gcc-arm-none-eabi-4_8-2014q3/bin/../lib/gcc/arm-none-eabi/4.8.4/../../../../arm-none-eabi/lib/armv7e-m/fpu/libg_s.a(lib_a-nano-freer.o)
                              /home/nicky/stm32ubuntu13/gcc-arm-none-eabi-4_8-2014q3/bin/../lib/gcc/arm-none-eabi/4.8.4/../../../../arm-none-eabi/lib/armv7e-m/fpu/libg_s.a(lib_a-fflush.o) (_free_r)
/home/nicky/stm32ubuntu13/gcc-arm-none-eabi-4_8-2014q3/bin/../lib/gcc/arm-none-eabi/4.8.4/../../../../arm-none-eabi/lib/armv7e-m/fpu/libg_s.a(lib_a-readr.o)
                              /home/nicky/stm32ubuntu13/gcc-arm-none-eabi-4_8-2014q3/bin/../lib/gcc/arm-none-eabi/4.8.4/../../../../arm-none-eabi/lib/armv7e-m/fpu/libg_s.a(lib_a-stdio.o) (_read_r)
/home/nicky/stm32ubuntu13/gcc-arm-none-eabi-4_8-2014q3/bin/../lib/gcc/arm-none-eabi/4.8.4/../../../../arm-none-eabi/lib/armv7e-m/fpu/libg_s.a(lib_a-reent.o)
                              /home/nicky/stm32ubuntu13/gcc-arm-none-eabi-4_8-2014q3/bin/../lib/gcc/arm-none-eabi/4.8.4/../../../../arm-none-eabi/lib/armv7e-m/fpu/libg_s.a(lib_a-sbrkr.o) (errno)

Allocating common symbols
Common symbol       size              file

errno               0x4               /home/nicky/stm32ubuntu13/gcc-arm-none-eabi-4_8-2014q3/bin/../lib/gcc/arm-none-eabi/4.8.4/../../../../arm-none-eabi/lib/armv7e-m/fpu/libg_s.a(lib_a-reent.o)

Discarded input sections

 .text          0x00000000        0x0 /home/nicky/stm32ubuntu13/gcc-arm-none-eabi-4_8-2014q3/bin/../lib/gcc/arm-none-eabi/4.8.4/armv7e-m/fpu/crti.o
 .data          0x00000000        0x0 /home/nicky/stm32ubuntu13/gcc-arm-none-eabi-4_8-2014q3/bin/../lib/gcc/arm-none-eabi/4.8.4/armv7e-m/fpu/crti.o
 .bss           0x00000000        0x0 /home/nicky/stm32ubuntu13/gcc-arm-none-eabi-4_8-2014q3/bin/../lib/gcc/arm-none-eabi/4.8.4/armv7e-m/fpu/crti.o
 .text          0x00000000       0x54 /home/nicky/stm32ubuntu13/gcc-arm-none-eabi-4_8-2014q3/bin/../lib/gcc/arm-none-eabi/4.8.4/armv7e-m/fpu/crtbegin.o
 .data          0x00000000        0x4 /home/nicky/stm32ubuntu13/gcc-arm-none-eabi-4_8-2014q3/bin/../lib/gcc/arm-none-eabi/4.8.4/armv7e-m/fpu/crtbegin.o
 .bss           0x00000000       0x1c /home/nicky/stm32ubuntu13/gcc-arm-none-eabi-4_8-2014q3/bin/../lib/gcc/arm-none-eabi/4.8.4/armv7e-m/fpu/crtbegin.o
 .init_array    0x00000000        0x4 /home/nicky/stm32ubuntu13/gcc-arm-none-eabi-4_8-2014q3/bin/../lib/gcc/arm-none-eabi/4.8.4/armv7e-m/fpu/crtbegin.o
 .fini_array    0x00000000        0x4 /home/nicky/stm32ubuntu13/gcc-arm-none-eabi-4_8-2014q3/bin/../lib/gcc/arm-none-eabi/4.8.4/armv7e-m/fpu/crtbegin.o
 .eh_frame      0x00000000        0x0 /home/nicky/stm32ubuntu13/gcc-arm-none-eabi-4_8-2014q3/bin/../lib/gcc/arm-none-eabi/4.8.4/armv7e-m/fpu/crtbegin.o
 .jcr           0x00000000        0x0 /home/nicky/stm32ubuntu13/gcc-arm-none-eabi-4_8-2014q3/bin/../lib/gcc/arm-none-eabi/4.8.4/armv7e-m/fpu/crtbegin.o
 .ARM.attributes
                0x00000000       0x34 /home/nicky/stm32ubuntu13/gcc-arm-none-eabi-4_8-2014q3/bin/../lib/gcc/arm-none-eabi/4.8.4/armv7e-m/fpu/crtbegin.o
 .text          0x00000000       0xdc /home/nicky/stm32ubuntu13/gcc-arm-none-eabi-4_8-2014q3/bin/../lib/gcc/arm-none-eabi/4.8.4/../../../../arm-none-eabi/lib/armv7e-m/fpu/rdimon-crt0.o
 .data          0x00000000      0x110 /home/nicky/stm32ubuntu13/gcc-arm-none-eabi-4_8-2014q3/bin/../lib/gcc/arm-none-eabi/4.8.4/../../../../arm-none-eabi/lib/armv7e-m/fpu/rdimon-crt0.o
 .bss           0x00000000        0x0 /home/nicky/stm32ubuntu13/gcc-arm-none-eabi-4_8-2014q3/bin/../lib/gcc/arm-none-eabi/4.8.4/../../../../arm-none-eabi/lib/armv7e-m/fpu/rdimon-crt0.o
 .ARM.extab     0x00000000        0x0 /home/nicky/stm32ubuntu13/gcc-arm-none-eabi-4_8-2014q3/bin/../lib/gcc/arm-none-eabi/4.8.4/../../../../arm-none-eabi/lib/armv7e-m/fpu/rdimon-crt0.o
 .ARM.exidx     0x00000000        0x8 /home/nicky/stm32ubuntu13/gcc-arm-none-eabi-4_8-2014q3/bin/../lib/gcc/arm-none-eabi/4.8.4/../../../../arm-none-eabi/lib/armv7e-m/fpu/rdimon-crt0.o
 .ARM.attributes
                0x00000000       0x20 /home/nicky/stm32ubuntu13/gcc-arm-none-eabi-4_8-2014q3/bin/../lib/gcc/arm-none-eabi/4.8.4/../../../../arm-none-eabi/lib/armv7e-m/fpu/rdimon-crt0.o
 .text          0x00000000        0x0 /home/nicky/stm32ubuntu13/gcc-arm-none-eabi-4_8-2014q3/bin/../lib/gcc/arm-none-eabi/4.8.4/../../../../arm-none-eabi/lib/armv7e-m/fpu/libc_s.a(lib_a-exit.o)
 .data          0x00000000        0x0 /home/nicky/stm32ubuntu13/gcc-arm-none-eabi-4_8-2014q3/bin/../lib/gcc/arm-none-eabi/4.8.4/../../../../arm-none-eabi/lib/armv7e-m/fpu/libc_s.a(lib_a-exit.o)
 .bss           0x00000000        0x0 /home/nicky/stm32ubuntu13/gcc-arm-none-eabi-4_8-2014q3/bin/../lib/gcc/arm-none-eabi/4.8.4/../../../../arm-none-eabi/lib/armv7e-m/fpu/libc_s.a(lib_a-exit.o)
 .text.exit     0x00000000       0x28 /home/nicky/stm32ubuntu13/gcc-arm-none-eabi-4_8-2014q3/bin/../lib/gcc/arm-none-eabi/4.8.4/../../../../arm-none-eabi/lib/armv7e-m/fpu/libc_s.a(lib_a-exit.o)
 .ARM.attributes
                0x00000000       0x34 /home/nicky/stm32ubuntu13/gcc-arm-none-eabi-4_8-2014q3/bin/../lib/gcc/arm-none-eabi/4.8.4/../../../../arm-none-eabi/lib/armv7e-m/fpu/libc_s.a(lib_a-exit.o)
 .debug_frame   0x00000000       0x28 /home/nicky/stm32ubuntu13/gcc-arm-none-eabi-4_8-2014q3/bin/../lib/gcc/arm-none-eabi/4.8.4/../../../../arm-none-eabi/lib/armv7e-m/fpu/libc_s.a(lib_a-exit.o)
 .text          0x00000000        0x0 /home/nicky/stm32ubuntu13/gcc-arm-none-eabi-4_8-2014q3/bin/../lib/gcc/arm-none-eabi/4.8.4/../../../../arm-none-eabi/lib/armv7e-m/fpu/libc_s.a(lib_a-impure.o)
 .data          0x00000000        0x0 /home/nicky/stm32ubuntu13/gcc-arm-none-eabi-4_8-2014q3/bin/../lib/gcc/arm-none-eabi/4.8.4/../../../../arm-none-eabi/lib/armv7e-m/fpu/libc_s.a(lib_a-impure.o)
 .bss           0x00000000        0x0 /home/nicky/stm32ubuntu13/gcc-arm-none-eabi-4_8-2014q3/bin/../lib/gcc/arm-none-eabi/4.8.4/../../../../arm-none-eabi/lib/armv7e-m/fpu/libc_s.a(lib_a-impure.o)
 .data.impure_data
                0x00000000       0x60 /home/nicky/stm32ubuntu13/gcc-arm-none-eabi-4_8-2014q3/bin/../lib/gcc/arm-none-eabi/4.8.4/../../../../arm-none-eabi/lib/armv7e-m/fpu/libc_s.a(lib_a-impure.o)
 .data._impure_ptr
                0x00000000        0x4 /home/nicky/stm32ubuntu13/gcc-arm-none-eabi-4_8-2014q3/bin/../lib/gcc/arm-none-eabi/4.8.4/../../../../arm-none-eabi/lib/armv7e-m/fpu/libc_s.a(lib_a-impure.o)
 .rodata.str1.1
                0x00000000        0x2 /home/nicky/stm32ubuntu13/gcc-arm-none-eabi-4_8-2014q3/bin/../lib/gcc/arm-none-eabi/4.8.4/../../../../arm-none-eabi/lib/armv7e-m/fpu/libc_s.a(lib_a-impure.o)
 .rodata._global_impure_ptr
                0x00000000        0x4 /home/nicky/stm32ubuntu13/gcc-arm-none-eabi-4_8-2014q3/bin/../lib/gcc/arm-none-eabi/4.8.4/../../../../arm-none-eabi/lib/armv7e-m/fpu/libc_s.a(lib_a-impure.o)
 .ARM.attributes
                0x00000000       0x34 /home/nicky/stm32ubuntu13/gcc-arm-none-eabi-4_8-2014q3/bin/../lib/gcc/arm-none-eabi/4.8.4/../../../../arm-none-eabi/lib/armv7e-m/fpu/libc_s.a(lib_a-impure.o)
 .text          0x00000000        0x0 /home/nicky/stm32ubuntu13/gcc-arm-none-eabi-4_8-2014q3/bin/../lib/gcc/arm-none-eabi/4.8.4/../../../../arm-none-eabi/lib/armv7e-m/fpu/libc_s.a(lib_a-init.o)
 .data          0x00000000        0x0 /home/nicky/stm32ubuntu13/gcc-arm-none-eabi-4_8-2014q3/bin/../lib/gcc/arm-none-eabi/4.8.4/../../../../arm-none-eabi/lib/armv7e-m/fpu/libc_s.a(lib_a-init.o)
 .bss           0x00000000        0x0 /home/nicky/stm32ubuntu13/gcc-arm-none-eabi-4_8-2014q3/bin/../lib/gcc/arm-none-eabi/4.8.4/../../../../arm-none-eabi/lib/armv7e-m/fpu/libc_s.a(lib_a-init.o)
 .text          0x00000000        0x0 /home/nicky/stm32ubuntu13/gcc-arm-none-eabi-4_8-2014q3/bin/../lib/gcc/arm-none-eabi/4.8.4/../../../../arm-none-eabi/lib/armv7e-m/fpu/libc_s.a(lib_a-memset.o)
 .data          0x00000000        0x0 /home/nicky/stm32ubuntu13/gcc-arm-none-eabi-4_8-2014q3/bin/../lib/gcc/arm-none-eabi/4.8.4/../../../../arm-none-eabi/lib/armv7e-m/fpu/libc_s.a(lib_a-memset.o)
 .bss           0x00000000        0x0 /home/nicky/stm32ubuntu13/gcc-arm-none-eabi-4_8-2014q3/bin/../lib/gcc/arm-none-eabi/4.8.4/../../../../arm-none-eabi/lib/armv7e-m/fpu/libc_s.a(lib_a-memset.o)
 .text.memset   0x00000000       0x10 /home/nicky/stm32ubuntu13/gcc-arm-none-eabi-4_8-2014q3/bin/../lib/gcc/arm-none-eabi/4.8.4/../../../../arm-none-eabi/lib/armv7e-m/fpu/libc_s.a(lib_a-memset.o)
 .ARM.attributes
                0x00000000       0x34 /home/nicky/stm32ubuntu13/gcc-arm-none-eabi-4_8-2014q3/bin/../lib/gcc/arm-none-eabi/4.8.4/../../../../arm-none-eabi/lib/armv7e-m/fpu/libc_s.a(lib_a-memset.o)
 .debug_frame   0x00000000       0x20 /home/nicky/stm32ubuntu13/gcc-arm-none-eabi-4_8-2014q3/bin/../lib/gcc/arm-none-eabi/4.8.4/../../../../arm-none-eabi/lib/armv7e-m/fpu/libc_s.a(lib_a-memset.o)
 .text          0x00000000        0x0 /home/nicky/stm32ubuntu13/gcc-arm-none-eabi-4_8-2014q3/bin/../lib/gcc/arm-none-eabi/4.8.4/../../../../arm-none-eabi/lib/armv7e-m/fpu/librdimon_s.a(rdimon-syscalls.o)
 .data          0x00000000        0x0 /home/nicky/stm32ubuntu13/gcc-arm-none-eabi-4_8-2014q3/bin/../lib/gcc/arm-none-eabi/4.8.4/../../../../arm-none-eabi/lib/armv7e-m/fpu/librdimon_s.a(rdimon-syscalls.o)
 .bss           0x00000000        0x0 /home/nicky/stm32ubuntu13/gcc-arm-none-eabi-4_8-2014q3/bin/../lib/gcc/arm-none-eabi/4.8.4/../../../../arm-none-eabi/lib/armv7e-m/fpu/librdimon_s.a(rdimon-syscalls.o)
 .text.findslot
                0x00000000       0x34 /home/nicky/stm32ubuntu13/gcc-arm-none-eabi-4_8-2014q3/bin/../lib/gcc/arm-none-eabi/4.8.4/../../../../arm-none-eabi/lib/armv7e-m/fpu/librdimon_s.a(rdimon-syscalls.o)
 .text.error    0x00000000       0x1c /home/nicky/stm32ubuntu13/gcc-arm-none-eabi-4_8-2014q3/bin/../lib/gcc/arm-none-eabi/4.8.4/../../../../arm-none-eabi/lib/armv7e-m/fpu/librdimon_s.a(rdimon-syscalls.o)
 .text.checkerror
                0x00000000        0xa /home/nicky/stm32ubuntu13/gcc-arm-none-eabi-4_8-2014q3/bin/../lib/gcc/arm-none-eabi/4.8.4/../../../../arm-none-eabi/lib/armv7e-m/fpu/librdimon_s.a(rdimon-syscalls.o)
 .text.initialise_monitor_handles
                0x00000000       0x9c /home/nicky/stm32ubuntu13/gcc-arm-none-eabi-4_8-2014q3/bin/../lib/gcc/arm-none-eabi/4.8.4/../../../../arm-none-eabi/lib/armv7e-m/fpu/librdimon_s.a(rdimon-syscalls.o)
 .text._swiread
                0x00000000       0x20 /home/nicky/stm32ubuntu13/gcc-arm-none-eabi-4_8-2014q3/bin/../lib/gcc/arm-none-eabi/4.8.4/../../../../arm-none-eabi/lib/armv7e-m/fpu/librdimon_s.a(rdimon-syscalls.o)
 .text._read    0x00000000       0x34 /home/nicky/stm32ubuntu13/gcc-arm-none-eabi-4_8-2014q3/bin/../lib/gcc/arm-none-eabi/4.8.4/../../../../arm-none-eabi/lib/armv7e-m/fpu/librdimon_s.a(rdimon-syscalls.o)
 .text._swilseek
                0x00000000       0x7e /home/nicky/stm32ubuntu13/gcc-arm-none-eabi-4_8-2014q3/bin/../lib/gcc/arm-none-eabi/4.8.4/../../../../arm-none-eabi/lib/armv7e-m/fpu/librdimon_s.a(rdimon-syscalls.o)
 .text._lseek   0x00000000        0x4 /home/nicky/stm32ubuntu13/gcc-arm-none-eabi-4_8-2014q3/bin/../lib/gcc/arm-none-eabi/4.8.4/../../../../arm-none-eabi/lib/armv7e-m/fpu/librdimon_s.a(rdimon-syscalls.o)
 .text._swiwrite
                0x00000000       0x20 /home/nicky/stm32ubuntu13/gcc-arm-none-eabi-4_8-2014q3/bin/../lib/gcc/arm-none-eabi/4.8.4/../../../../arm-none-eabi/lib/armv7e-m/fpu/librdimon_s.a(rdimon-syscalls.o)
 .text._write   0x00000000       0x42 /home/nicky/stm32ubuntu13/gcc-arm-none-eabi-4_8-2014q3/bin/../lib/gcc/arm-none-eabi/4.8.4/../../../../arm-none-eabi/lib/armv7e-m/fpu/librdimon_s.a(rdimon-syscalls.o)
 .text._swiclose
                0x00000000       0x1c /home/nicky/stm32ubuntu13/gcc-arm-none-eabi-4_8-2014q3/bin/../lib/gcc/arm-none-eabi/4.8.4/../../../../arm-none-eabi/lib/armv7e-m/fpu/librdimon_s.a(rdimon-syscalls.o)
 .text._close   0x00000000       0x48 /home/nicky/stm32ubuntu13/gcc-arm-none-eabi-4_8-2014q3/bin/../lib/gcc/arm-none-eabi/4.8.4/../../../../arm-none-eabi/lib/armv7e-m/fpu/librdimon_s.a(rdimon-syscalls.o)
 .text._getpid  0x00000000        0x4 /home/nicky/stm32ubuntu13/gcc-arm-none-eabi-4_8-2014q3/bin/../lib/gcc/arm-none-eabi/4.8.4/../../../../arm-none-eabi/lib/armv7e-m/fpu/librdimon_s.a(rdimon-syscalls.o)
 .text._sbrk    0x00000000       0x34 /home/nicky/stm32ubuntu13/gcc-arm-none-eabi-4_8-2014q3/bin/../lib/gcc/arm-none-eabi/4.8.4/../../../../arm-none-eabi/lib/armv7e-m/fpu/librdimon_s.a(rdimon-syscalls.o)
 .text._swistat
                0x00000000       0x42 /home/nicky/stm32ubuntu13/gcc-arm-none-eabi-4_8-2014q3/bin/../lib/gcc/arm-none-eabi/4.8.4/../../../../arm-none-eabi/lib/armv7e-m/fpu/librdimon_s.a(rdimon-syscalls.o)
 .text._fstat   0x00000000       0x1c /home/nicky/stm32ubuntu13/gcc-arm-none-eabi-4_8-2014q3/bin/../lib/gcc/arm-none-eabi/4.8.4/../../../../arm-none-eabi/lib/armv7e-m/fpu/librdimon_s.a(rdimon-syscalls.o)
 .text._stat    0x00000000       0x3a /home/nicky/stm32ubuntu13/gcc-arm-none-eabi-4_8-2014q3/bin/../lib/gcc/arm-none-eabi/4.8.4/../../../../arm-none-eabi/lib/armv7e-m/fpu/librdimon_s.a(rdimon-syscalls.o)
 .text._swiopen
                0x00000000       0xbc /home/nicky/stm32ubuntu13/gcc-arm-none-eabi-4_8-2014q3/bin/../lib/gcc/arm-none-eabi/4.8.4/../../../../arm-none-eabi/lib/armv7e-m/fpu/librdimon_s.a(rdimon-syscalls.o)
 .text._open    0x00000000       0x12 /home/nicky/stm32ubuntu13/gcc-arm-none-eabi-4_8-2014q3/bin/../lib/gcc/arm-none-eabi/4.8.4/../../../../arm-none-eabi/lib/armv7e-m/fpu/librdimon_s.a(rdimon-syscalls.o)
 .text._link    0x00000000       0x10 /home/nicky/stm32ubuntu13/gcc-arm-none-eabi-4_8-2014q3/bin/../lib/gcc/arm-none-eabi/4.8.4/../../../../arm-none-eabi/lib/armv7e-m/fpu/librdimon_s.a(rdimon-syscalls.o)
 .text._unlink  0x00000000       0x28 /home/nicky/stm32ubuntu13/gcc-arm-none-eabi-4_8-2014q3/bin/../lib/gcc/arm-none-eabi/4.8.4/../../../../arm-none-eabi/lib/armv7e-m/fpu/librdimon_s.a(rdimon-syscalls.o)
 .text._gettimeofday
                0x00000000       0x24 /home/nicky/stm32ubuntu13/gcc-arm-none-eabi-4_8-2014q3/bin/../lib/gcc/arm-none-eabi/4.8.4/../../../../arm-none-eabi/lib/armv7e-m/fpu/librdimon_s.a(rdimon-syscalls.o)
 .text._clock   0x00000000       0x12 /home/nicky/stm32ubuntu13/gcc-arm-none-eabi-4_8-2014q3/bin/../lib/gcc/arm-none-eabi/4.8.4/../../../../arm-none-eabi/lib/armv7e-m/fpu/librdimon_s.a(rdimon-syscalls.o)
 .text._times   0x00000000       0x16 /home/nicky/stm32ubuntu13/gcc-arm-none-eabi-4_8-2014q3/bin/../lib/gcc/arm-none-eabi/4.8.4/../../../../arm-none-eabi/lib/armv7e-m/fpu/librdimon_s.a(rdimon-syscalls.o)
 .text._isatty  0x00000000       0x38 /home/nicky/stm32ubuntu13/gcc-arm-none-eabi-4_8-2014q3/bin/../lib/gcc/arm-none-eabi/4.8.4/../../../../arm-none-eabi/lib/armv7e-m/fpu/librdimon_s.a(rdimon-syscalls.o)
 .text._system  0x00000000       0x3c /home/nicky/stm32ubuntu13/gcc-arm-none-eabi-4_8-2014q3/bin/../lib/gcc/arm-none-eabi/4.8.4/../../../../arm-none-eabi/lib/armv7e-m/fpu/librdimon_s.a(rdimon-syscalls.o)
 .text._rename  0x00000000       0x36 /home/nicky/stm32ubuntu13/gcc-arm-none-eabi-4_8-2014q3/bin/../lib/gcc/arm-none-eabi/4.8.4/../../../../arm-none-eabi/lib/armv7e-m/fpu/librdimon_s.a(rdimon-syscalls.o)
 .bss.monitor_stdout
                0x00000000        0x4 /home/nicky/stm32ubuntu13/gcc-arm-none-eabi-4_8-2014q3/bin/../lib/gcc/arm-none-eabi/4.8.4/../../../../arm-none-eabi/lib/armv7e-m/fpu/librdimon_s.a(rdimon-syscalls.o)
 .bss.monitor_stdin
                0x00000000        0x4 /home/nicky/stm32ubuntu13/gcc-arm-none-eabi-4_8-2014q3/bin/../lib/gcc/arm-none-eabi/4.8.4/../../../../arm-none-eabi/lib/armv7e-m/fpu/librdimon_s.a(rdimon-syscalls.o)
 .rodata.str1.1
                0x00000000        0x4 /home/nicky/stm32ubuntu13/gcc-arm-none-eabi-4_8-2014q3/bin/../lib/gcc/arm-none-eabi/4.8.4/../../../../arm-none-eabi/lib/armv7e-m/fpu/librdimon_s.a(rdimon-syscalls.o)
 .bss.heap_end.5781
                0x00000000        0x4 /home/nicky/stm32ubuntu13/gcc-arm-none-eabi-4_8-2014q3/bin/../lib/gcc/arm-none-eabi/4.8.4/../../../../arm-none-eabi/lib/armv7e-m/fpu/librdimon_s.a(rdimon-syscalls.o)
 .bss.monitor_stderr
                0x00000000        0x4 /home/nicky/stm32ubuntu13/gcc-arm-none-eabi-4_8-2014q3/bin/../lib/gcc/arm-none-eabi/4.8.4/../../../../arm-none-eabi/lib/armv7e-m/fpu/librdimon_s.a(rdimon-syscalls.o)
 .bss.openfiles
                0x00000000       0xa0 /home/nicky/stm32ubuntu13/gcc-arm-none-eabi-4_8-2014q3/bin/../lib/gcc/arm-none-eabi/4.8.4/../../../../arm-none-eabi/lib/armv7e-m/fpu/librdimon_s.a(rdimon-syscalls.o)
 .ARM.attributes
                0x00000000       0x34 /home/nicky/stm32ubuntu13/gcc-arm-none-eabi-4_8-2014q3/bin/../lib/gcc/arm-none-eabi/4.8.4/../../../../arm-none-eabi/lib/armv7e-m/fpu/librdimon_s.a(rdimon-syscalls.o)
 .debug_frame   0x00000000      0x30c /home/nicky/stm32ubuntu13/gcc-arm-none-eabi-4_8-2014q3/bin/../lib/gcc/arm-none-eabi/4.8.4/../../../../arm-none-eabi/lib/armv7e-m/fpu/librdimon_s.a(rdimon-syscalls.o)
 .text          0x00000000        0x0 /home/nicky/stm32ubuntu13/gcc-arm-none-eabi-4_8-2014q3/bin/../lib/gcc/arm-none-eabi/4.8.4/../../../../arm-none-eabi/lib/armv7e-m/fpu/librdimon_s.a(rdimon-_exit.o)
 .data          0x00000000        0x0 /home/nicky/stm32ubuntu13/gcc-arm-none-eabi-4_8-2014q3/bin/../lib/gcc/arm-none-eabi/4.8.4/../../../../arm-none-eabi/lib/armv7e-m/fpu/librdimon_s.a(rdimon-_exit.o)
 .bss           0x00000000        0x0 /home/nicky/stm32ubuntu13/gcc-arm-none-eabi-4_8-2014q3/bin/../lib/gcc/arm-none-eabi/4.8.4/../../../../arm-none-eabi/lib/armv7e-m/fpu/librdimon_s.a(rdimon-_exit.o)
 .text._exit    0x00000000        0x8 /home/nicky/stm32ubuntu13/gcc-arm-none-eabi-4_8-2014q3/bin/../lib/gcc/arm-none-eabi/4.8.4/../../../../arm-none-eabi/lib/armv7e-m/fpu/librdimon_s.a(rdimon-_exit.o)
 .ARM.attributes
                0x00000000       0x34 /home/nicky/stm32ubuntu13/gcc-arm-none-eabi-4_8-2014q3/bin/../lib/gcc/arm-none-eabi/4.8.4/../../../../arm-none-eabi/lib/armv7e-m/fpu/librdimon_s.a(rdimon-_exit.o)
 .debug_frame   0x00000000       0x20 /home/nicky/stm32ubuntu13/gcc-arm-none-eabi-4_8-2014q3/bin/../lib/gcc/arm-none-eabi/4.8.4/../../../../arm-none-eabi/lib/armv7e-m/fpu/librdimon_s.a(rdimon-_exit.o)
 .text          0x00000000        0x0 /home/nicky/stm32ubuntu13/gcc-arm-none-eabi-4_8-2014q3/bin/../lib/gcc/arm-none-eabi/4.8.4/../../../../arm-none-eabi/lib/armv7e-m/fpu/librdimon_s.a(rdimon-_kill.o)
 .data          0x00000000        0x0 /home/nicky/stm32ubuntu13/gcc-arm-none-eabi-4_8-2014q3/bin/../lib/gcc/arm-none-eabi/4.8.4/../../../../arm-none-eabi/lib/armv7e-m/fpu/librdimon_s.a(rdimon-_kill.o)
 .bss           0x00000000        0x0 /home/nicky/stm32ubuntu13/gcc-arm-none-eabi-4_8-2014q3/bin/../lib/gcc/arm-none-eabi/4.8.4/../../../../arm-none-eabi/lib/armv7e-m/fpu/librdimon_s.a(rdimon-_kill.o)
 .text._kill    0x00000000       0x20 /home/nicky/stm32ubuntu13/gcc-arm-none-eabi-4_8-2014q3/bin/../lib/gcc/arm-none-eabi/4.8.4/../../../../arm-none-eabi/lib/armv7e-m/fpu/librdimon_s.a(rdimon-_kill.o)
 .ARM.attributes
                0x00000000       0x34 /home/nicky/stm32ubuntu13/gcc-arm-none-eabi-4_8-2014q3/bin/../lib/gcc/arm-none-eabi/4.8.4/../../../../arm-none-eabi/lib/armv7e-m/fpu/librdimon_s.a(rdimon-_kill.o)
 .debug_frame   0x00000000       0x2c /home/nicky/stm32ubuntu13/gcc-arm-none-eabi-4_8-2014q3/bin/../lib/gcc/arm-none-eabi/4.8.4/../../../../arm-none-eabi/lib/armv7e-m/fpu/librdimon_s.a(rdimon-_kill.o)
 .group         0x00000000        0x8 objs/main.o
 .group         0x00000000        0x8 objs/main.o
 .group         0x00000000        0x8 objs/main.o
 .group         0x00000000        0x8 objs/main.o
 .group         0x00000000        0x8 objs/main.o
 .group         0x00000000        0x8 objs/main.o
 .group         0x00000000        0x8 objs/main.o
 .group         0x00000000        0x8 objs/main.o
 .group         0x00000000        0x8 objs/main.o
 .group         0x00000000        0x8 objs/main.o
 .group         0x00000000        0x8 objs/main.o
 .group         0x00000000        0x8 objs/main.o
 .group         0x00000000        0x8 objs/main.o
 .group         0x00000000        0x8 objs/main.o
 .group         0x00000000        0x8 objs/main.o
 .group         0x00000000        0x8 objs/main.o
 .group         0x00000000        0x8 objs/main.o
 .group         0x00000000        0x8 objs/main.o
 .group         0x00000000        0x8 objs/main.o
 .group         0x00000000        0x8 objs/main.o
 .group         0x00000000        0x8 objs/main.o
 .group         0x00000000        0x8 objs/main.o
 .group         0x00000000        0x8 objs/main.o
 .group         0x00000000        0x8 objs/main.o
 .group         0x00000000        0x8 objs/main.o
 .group         0x00000000        0x8 objs/main.o
 .group         0x00000000        0x8 objs/main.o
 .group         0x00000000        0x8 objs/main.o
 .group         0x00000000        0x8 objs/main.o
 .group         0x00000000        0x8 objs/main.o
 .group         0x00000000        0x8 objs/main.o
 .group         0x00000000        0x8 objs/main.o
 .group         0x00000000        0x8 objs/main.o
 .text          0x00000000        0x0 objs/main.o
 .data          0x00000000        0x0 objs/main.o
 .bss           0x00000000        0x0 objs/main.o
 .group         0x00000000        0x8 objs/stm32f3_discovery.o
 .group         0x00000000        0x8 objs/stm32f3_discovery.o
 .group         0x00000000        0x8 objs/stm32f3_discovery.o
 .group         0x00000000        0x8 objs/stm32f3_discovery.o
 .group         0x00000000        0x8 objs/stm32f3_discovery.o
 .group         0x00000000        0x8 objs/stm32f3_discovery.o
 .group         0x00000000        0x8 objs/stm32f3_discovery.o
 .group         0x00000000        0x8 objs/stm32f3_discovery.o
 .group         0x00000000        0x8 objs/stm32f3_discovery.o
 .group         0x00000000        0x8 objs/stm32f3_discovery.o
 .group         0x00000000        0x8 objs/stm32f3_discovery.o
 .group         0x00000000        0x8 objs/stm32f3_discovery.o
 .group         0x00000000        0x8 objs/stm32f3_discovery.o
 .group         0x00000000        0x8 objs/stm32f3_discovery.o
 .group         0x00000000        0x8 objs/stm32f3_discovery.o
 .group         0x00000000        0x8 objs/stm32f3_discovery.o
 .group         0x00000000        0x8 objs/stm32f3_discovery.o
 .group         0x00000000        0x8 objs/stm32f3_discovery.o
 .group         0x00000000        0x8 objs/stm32f3_discovery.o
 .group         0x00000000        0x8 objs/stm32f3_discovery.o
 .group         0x00000000        0x8 objs/stm32f3_discovery.o
 .group         0x00000000        0x8 objs/stm32f3_discovery.o
 .group         0x00000000        0x8 objs/stm32f3_discovery.o
 .group         0x00000000        0x8 objs/stm32f3_discovery.o
 .group         0x00000000        0x8 objs/stm32f3_discovery.o
 .group         0x00000000        0x8 objs/stm32f3_discovery.o
 .group         0x00000000        0x8 objs/stm32f3_discovery.o
 .group         0x00000000        0x8 objs/stm32f3_discovery.o
 .group         0x00000000        0x8 objs/stm32f3_discovery.o
 .group         0x00000000        0x8 objs/stm32f3_discovery.o
 .group         0x00000000        0x8 objs/stm32f3_discovery.o
 .group         0x00000000        0x8 objs/stm32f3_discovery.o
 .group         0x00000000        0x8 objs/stm32f3_discovery.o
 .text          0x00000000        0x0 objs/stm32f3_discovery.o
 .data          0x00000000        0x0 objs/stm32f3_discovery.o
 .bss           0x00000000        0x0 objs/stm32f3_discovery.o
 .data.GPIO_PORT
                0x00000000       0x20 objs/stm32f3_discovery.o
 .rodata.GPIO_PIN
                0x00000000       0x10 objs/stm32f3_discovery.o
 .rodata.GPIO_CLK
                0x00000000       0x20 objs/stm32f3_discovery.o
 .data.BUTTON_PORT
                0x00000000        0x4 objs/stm32f3_discovery.o
 .rodata.BUTTON_PIN
                0x00000000        0x4 objs/stm32f3_discovery.o
 .rodata.BUTTON_CLK
                0x00000000        0x4 objs/stm32f3_discovery.o
 .rodata.BUTTON_EXTI_LINE
                0x00000000        0x4 objs/stm32f3_discovery.o
 .rodata.BUTTON_PORT_SOURCE
                0x00000000        0x4 objs/stm32f3_discovery.o
 .rodata.BUTTON_PIN_SOURCE
                0x00000000        0x4 objs/stm32f3_discovery.o
 .rodata.BUTTON_IRQn
                0x00000000        0x4 objs/stm32f3_discovery.o
 .text.STM_EVAL_LEDInit
                0x00000000       0x5c objs/stm32f3_discovery.o
 .text.STM_EVAL_LEDOn
                0x00000000       0x30 objs/stm32f3_discovery.o
 .text.STM_EVAL_LEDOff
                0x00000000       0x30 objs/stm32f3_discovery.o
 .text.STM_EVAL_LEDToggle
                0x00000000       0x40 objs/stm32f3_discovery.o
 .text.STM_EVAL_PBInit
                0x00000000       0x94 objs/stm32f3_discovery.o
 .text.STM_EVAL_PBGetState
                0x00000000       0x2c objs/stm32f3_discovery.o
 .debug_info    0x00000000      0x85b objs/stm32f3_discovery.o
 .debug_abbrev  0x00000000      0x188 objs/stm32f3_discovery.o
 .debug_aranges
                0x00000000       0x48 objs/stm32f3_discovery.o
 .debug_ranges  0x00000000       0x38 objs/stm32f3_discovery.o
 .debug_macro   0x00000000      0x16f objs/stm32f3_discovery.o
 .debug_macro   0x00000000      0x856 objs/stm32f3_discovery.o
 .debug_macro   0x00000000       0x7a objs/stm32f3_discovery.o
 .debug_macro   0x00000000       0x3b objs/stm32f3_discovery.o
 .debug_macro   0x00000000       0x16 objs/stm32f3_discovery.o
 .debug_macro   0x00000000       0x44 objs/stm32f3_discovery.o
 .debug_macro   0x00000000      0x209 objs/stm32f3_discovery.o
 .debug_macro   0x00000000       0x18 objs/stm32f3_discovery.o
 .debug_macro   0x00000000       0x42 objs/stm32f3_discovery.o
 .debug_macro   0x00000000      0xc91 objs/stm32f3_discovery.o
 .debug_macro   0x00000000     0x76cc objs/stm32f3_discovery.o
 .debug_macro   0x00000000      0x521 objs/stm32f3_discovery.o
 .debug_macro   0x00000000      0x3cf objs/stm32f3_discovery.o
 .debug_macro   0x00000000       0x46 objs/stm32f3_discovery.o
 .debug_macro   0x00000000      0x231 objs/stm32f3_discovery.o
 .debug_macro   0x00000000      0x196 objs/stm32f3_discovery.o
 .debug_macro   0x00000000       0x8e objs/stm32f3_discovery.o
 .debug_macro   0x00000000      0x3a8 objs/stm32f3_discovery.o
 .debug_macro   0x00000000      0x114 objs/stm32f3_discovery.o
 .debug_macro   0x00000000      0x1e4 objs/stm32f3_discovery.o
 .debug_macro   0x00000000      0x1a1 objs/stm32f3_discovery.o
 .debug_macro   0x00000000      0x1df objs/stm32f3_discovery.o
 .debug_macro   0x00000000      0x29a objs/stm32f3_discovery.o
 .debug_macro   0x00000000       0x70 objs/stm32f3_discovery.o
 .debug_macro   0x00000000      0x10c objs/stm32f3_discovery.o
 .debug_macro   0x00000000       0xb8 objs/stm32f3_discovery.o
 .debug_macro   0x00000000      0x5c6 objs/stm32f3_discovery.o
 .debug_macro   0x00000000      0x551 objs/stm32f3_discovery.o
 .debug_macro   0x00000000      0x3ab objs/stm32f3_discovery.o
 .debug_macro   0x00000000      0x8d8 objs/stm32f3_discovery.o
 .debug_macro   0x00000000      0x364 objs/stm32f3_discovery.o
 .debug_macro   0x00000000       0x34 objs/stm32f3_discovery.o
 .debug_macro   0x00000000       0x89 objs/stm32f3_discovery.o
 .debug_macro   0x00000000       0xd8 objs/stm32f3_discovery.o
 .debug_line    0x00000000      0x525 objs/stm32f3_discovery.o
 .debug_str     0x00000000    0x53b63 objs/stm32f3_discovery.o
 .comment       0x00000000       0x71 objs/stm32f3_discovery.o
 .ARM.attributes
                0x00000000       0x39 objs/stm32f3_discovery.o
 .debug_frame   0x00000000       0xc4 objs/stm32f3_discovery.o
 .group         0x00000000        0x8 objs/system_stm32f30x.o
 .group         0x00000000        0x8 objs/system_stm32f30x.o
 .group         0x00000000        0x8 objs/system_stm32f30x.o
 .group         0x00000000        0x8 objs/system_stm32f30x.o
 .group         0x00000000        0x8 objs/system_stm32f30x.o
 .group         0x00000000        0x8 objs/system_stm32f30x.o
 .group         0x00000000        0x8 objs/system_stm32f30x.o
 .group         0x00000000        0x8 objs/system_stm32f30x.o
 .group         0x00000000        0x8 objs/system_stm32f30x.o
 .group         0x00000000        0x8 objs/system_stm32f30x.o
 .group         0x00000000        0x8 objs/system_stm32f30x.o
 .group         0x00000000        0x8 objs/system_stm32f30x.o
 .group         0x00000000        0x8 objs/system_stm32f30x.o
 .group         0x00000000        0x8 objs/system_stm32f30x.o
 .group         0x00000000        0x8 objs/system_stm32f30x.o
 .group         0x00000000        0x8 objs/system_stm32f30x.o
 .group         0x00000000        0x8 objs/system_stm32f30x.o
 .group         0x00000000        0x8 objs/system_stm32f30x.o
 .group         0x00000000        0x8 objs/system_stm32f30x.o
 .group         0x00000000        0x8 objs/system_stm32f30x.o
 .group         0x00000000        0x8 objs/system_stm32f30x.o
 .group         0x00000000        0x8 objs/system_stm32f30x.o
 .group         0x00000000        0x8 objs/system_stm32f30x.o
 .group         0x00000000        0x8 objs/system_stm32f30x.o
 .group         0x00000000        0x8 objs/system_stm32f30x.o
 .group         0x00000000        0x8 objs/system_stm32f30x.o
 .group         0x00000000        0x8 objs/system_stm32f30x.o
 .group         0x00000000        0x8 objs/system_stm32f30x.o
 .group         0x00000000        0x8 objs/system_stm32f30x.o
 .group         0x00000000        0x8 objs/system_stm32f30x.o
 .group         0x00000000        0x8 objs/system_stm32f30x.o
 .group         0x00000000        0x8 objs/system_stm32f30x.o
 .text          0x00000000        0x0 objs/system_stm32f30x.o
 .data          0x00000000        0x0 objs/system_stm32f30x.o
 .bss           0x00000000        0x0 objs/system_stm32f30x.o
 .data.SystemCoreClock
                0x00000000        0x4 objs/system_stm32f30x.o
 .data.AHBPrescTable
                0x00000000       0x10 objs/system_stm32f30x.o
 .text.SystemCoreClockUpdate
                0x00000000       0xd4 objs/system_stm32f30x.o
 .debug_macro   0x00000000      0x856 objs/system_stm32f30x.o
 .debug_macro   0x00000000       0x7a objs/system_stm32f30x.o
 .debug_macro   0x00000000       0x3b objs/system_stm32f30x.o
 .debug_macro   0x00000000       0x16 objs/system_stm32f30x.o
 .debug_macro   0x00000000       0x44 objs/system_stm32f30x.o
 .debug_macro   0x00000000      0x209 objs/system_stm32f30x.o
 .debug_macro   0x00000000       0x18 objs/system_stm32f30x.o
 .debug_macro   0x00000000       0x42 objs/system_stm32f30x.o
 .debug_macro   0x00000000      0xc91 objs/system_stm32f30x.o
 .debug_macro   0x00000000     0x76cc objs/system_stm32f30x.o
 .debug_macro   0x00000000      0x521 objs/system_stm32f30x.o
 .debug_macro   0x00000000      0x3cf objs/system_stm32f30x.o
 .debug_macro   0x00000000       0x46 objs/system_stm32f30x.o
 .debug_macro   0x00000000      0x231 objs/system_stm32f30x.o
 .debug_macro   0x00000000      0x196 objs/system_stm32f30x.o
 .debug_macro   0x00000000       0x8e objs/system_stm32f30x.o
 .debug_macro   0x00000000      0x3a8 objs/system_stm32f30x.o
 .debug_macro   0x00000000      0x114 objs/system_stm32f30x.o
 .debug_macro   0x00000000      0x1e4 objs/system_stm32f30x.o
 .debug_macro   0x00000000      0x1a1 objs/system_stm32f30x.o
 .debug_macro   0x00000000      0x1df objs/system_stm32f30x.o
 .debug_macro   0x00000000      0x29a objs/system_stm32f30x.o
 .debug_macro   0x00000000       0x70 objs/system_stm32f30x.o
 .debug_macro   0x00000000      0x10c objs/system_stm32f30x.o
 .debug_macro   0x00000000       0xb8 objs/system_stm32f30x.o
 .debug_macro   0x00000000      0x5c6 objs/system_stm32f30x.o
 .debug_macro   0x00000000      0x551 objs/system_stm32f30x.o
 .debug_macro   0x00000000      0x3ab objs/system_stm32f30x.o
 .debug_macro   0x00000000      0x8d8 objs/system_stm32f30x.o
 .debug_macro   0x00000000      0x364 objs/system_stm32f30x.o
 .debug_macro   0x00000000       0x34 objs/system_stm32f30x.o
 .debug_macro   0x00000000       0x89 objs/system_stm32f30x.o
 .text          0x00000000       0x14 /tmp/ccQ2d9iK.o
 .data          0x00000000        0x0 /tmp/ccQ2d9iK.o
 .bss           0x00000000        0x0 /tmp/ccQ2d9iK.o
 .text          0x00000000      0x204 ../../../Libraries/libstm32f3.a(stm32f30x_exti.o)
 .data          0x00000000        0x0 ../../../Libraries/libstm32f3.a(stm32f30x_exti.o)
 .bss           0x00000000        0x0 ../../../Libraries/libstm32f3.a(stm32f30x_exti.o)
 .debug_info    0x00000000      0x3ab ../../../Libraries/libstm32f3.a(stm32f30x_exti.o)
 .debug_abbrev  0x00000000      0x18b ../../../Libraries/libstm32f3.a(stm32f30x_exti.o)
 .debug_loc     0x00000000      0x28e ../../../Libraries/libstm32f3.a(stm32f30x_exti.o)
 .debug_aranges
                0x00000000       0x20 ../../../Libraries/libstm32f3.a(stm32f30x_exti.o)
 .debug_line    0x00000000      0x1cb ../../../Libraries/libstm32f3.a(stm32f30x_exti.o)
 .debug_str     0x00000000      0x3bf ../../../Libraries/libstm32f3.a(stm32f30x_exti.o)
 .comment       0x00000000       0x71 ../../../Libraries/libstm32f3.a(stm32f30x_exti.o)
 .ARM.attributes
                0x00000000       0x39 ../../../Libraries/libstm32f3.a(stm32f30x_exti.o)
 .debug_frame   0x00000000       0xb8 ../../../Libraries/libstm32f3.a(stm32f30x_exti.o)
 .text          0x00000000      0x218 ../../../Libraries/libstm32f3.a(stm32f30x_gpio.o)
 .data          0x00000000        0x0 ../../../Libraries/libstm32f3.a(stm32f30x_gpio.o)
 .bss           0x00000000        0x0 ../../../Libraries/libstm32f3.a(stm32f30x_gpio.o)
 .debug_info    0x00000000      0x725 ../../../Libraries/libstm32f3.a(stm32f30x_gpio.o)
 .debug_abbrev  0x00000000      0x1e9 ../../../Libraries/libstm32f3.a(stm32f30x_gpio.o)
 .debug_loc     0x00000000      0x337 ../../../Libraries/libstm32f3.a(stm32f30x_gpio.o)
 .debug_aranges
                0x00000000       0x20 ../../../Libraries/libstm32f3.a(stm32f30x_gpio.o)
 .debug_line    0x00000000      0x21d ../../../Libraries/libstm32f3.a(stm32f30x_gpio.o)
 .debug_str     0x00000000      0x4e8 ../../../Libraries/libstm32f3.a(stm32f30x_gpio.o)
 .comment       0x00000000       0x71 ../../../Libraries/libstm32f3.a(stm32f30x_gpio.o)
 .ARM.attributes
                0x00000000       0x39 ../../../Libraries/libstm32f3.a(stm32f30x_gpio.o)
 .debug_frame   0x00000000      0x104 ../../../Libraries/libstm32f3.a(stm32f30x_gpio.o)
 .text          0x00000000       0xcc ../../../Libraries/libstm32f3.a(stm32f30x_misc.o)
 .data          0x00000000        0x0 ../../../Libraries/libstm32f3.a(stm32f30x_misc.o)
 .bss           0x00000000        0x0 ../../../Libraries/libstm32f3.a(stm32f30x_misc.o)
 .debug_info    0x00000000      0x526 ../../../Libraries/libstm32f3.a(stm32f30x_misc.o)
 .debug_abbrev  0x00000000      0x156 ../../../Libraries/libstm32f3.a(stm32f30x_misc.o)
 .debug_loc     0x00000000      0x177 ../../../Libraries/libstm32f3.a(stm32f30x_misc.o)
 .debug_aranges
                0x00000000       0x20 ../../../Libraries/libstm32f3.a(stm32f30x_misc.o)
 .debug_line    0x00000000      0x186 ../../../Libraries/libstm32f3.a(stm32f30x_misc.o)
 .debug_str     0x00000000      0x403 ../../../Libraries/libstm32f3.a(stm32f30x_misc.o)
 .comment       0x00000000       0x71 ../../../Libraries/libstm32f3.a(stm32f30x_misc.o)
 .ARM.attributes
                0x00000000       0x39 ../../../Libraries/libstm32f3.a(stm32f30x_misc.o)
 .debug_frame   0x00000000       0x6c ../../../Libraries/libstm32f3.a(stm32f30x_misc.o)
 .text          0x00000000      0x64c ../../../Libraries/libstm32f3.a(stm32f30x_rcc.o)
 .data          0x00000000       0x2c ../../../Libraries/libstm32f3.a(stm32f30x_rcc.o)
 .bss           0x00000000        0x0 ../../../Libraries/libstm32f3.a(stm32f30x_rcc.o)
 .debug_info    0x00000000      0xac3 ../../../Libraries/libstm32f3.a(stm32f30x_rcc.o)
 .debug_abbrev  0x00000000      0x20b ../../../Libraries/libstm32f3.a(stm32f30x_rcc.o)
 .debug_loc     0x00000000      0xad7 ../../../Libraries/libstm32f3.a(stm32f30x_rcc.o)
 .debug_aranges
                0x00000000       0x20 ../../../Libraries/libstm32f3.a(stm32f30x_rcc.o)
 .debug_line    0x00000000      0x343 ../../../Libraries/libstm32f3.a(stm32f30x_rcc.o)
 .debug_str     0x00000000      0x81e ../../../Libraries/libstm32f3.a(stm32f30x_rcc.o)
 .comment       0x00000000       0x71 ../../../Libraries/libstm32f3.a(stm32f30x_rcc.o)
 .ARM.attributes
                0x00000000       0x39 ../../../Libraries/libstm32f3.a(stm32f30x_rcc.o)
 .debug_frame   0x00000000      0x294 ../../../Libraries/libstm32f3.a(stm32f30x_rcc.o)
 .text          0x00000000      0x13c ../../../Libraries/libstm32f3.a(stm32f30x_syscfg.o)
 .data          0x00000000        0x0 ../../../Libraries/libstm32f3.a(stm32f30x_syscfg.o)
 .bss           0x00000000        0x0 ../../../Libraries/libstm32f3.a(stm32f30x_syscfg.o)
 .debug_info    0x00000000      0x3b3 ../../../Libraries/libstm32f3.a(stm32f30x_syscfg.o)
 .debug_abbrev  0x00000000      0x1a1 ../../../Libraries/libstm32f3.a(stm32f30x_syscfg.o)
 .debug_loc     0x00000000      0x27e ../../../Libraries/libstm32f3.a(stm32f30x_syscfg.o)
 .debug_aranges
                0x00000000       0x20 ../../../Libraries/libstm32f3.a(stm32f30x_syscfg.o)
 .debug_line    0x00000000      0x176 ../../../Libraries/libstm32f3.a(stm32f30x_syscfg.o)
 .debug_str     0x00000000      0x435 ../../../Libraries/libstm32f3.a(stm32f30x_syscfg.o)
 .comment       0x00000000       0x71 ../../../Libraries/libstm32f3.a(stm32f30x_syscfg.o)
 .ARM.attributes
                0x00000000       0x39 ../../../Libraries/libstm32f3.a(stm32f30x_syscfg.o)
 .debug_frame   0x00000000       0xf8 ../../../Libraries/libstm32f3.a(stm32f30x_syscfg.o)
 .text          0x00000000        0x0 /home/nicky/stm32ubuntu13/gcc-arm-none-eabi-4_8-2014q3/bin/../lib/gcc/arm-none-eabi/4.8.4/../../../../arm-none-eabi/lib/armv7e-m/fpu/libg_s.a(lib_a-errno.o)
 .data          0x00000000        0x0 /home/nicky/stm32ubuntu13/gcc-arm-none-eabi-4_8-2014q3/bin/../lib/gcc/arm-none-eabi/4.8.4/../../../../arm-none-eabi/lib/armv7e-m/fpu/libg_s.a(lib_a-errno.o)
 .bss           0x00000000        0x0 /home/nicky/stm32ubuntu13/gcc-arm-none-eabi-4_8-2014q3/bin/../lib/gcc/arm-none-eabi/4.8.4/../../../../arm-none-eabi/lib/armv7e-m/fpu/libg_s.a(lib_a-errno.o)
 .text.__errno  0x00000000        0xc /home/nicky/stm32ubuntu13/gcc-arm-none-eabi-4_8-2014q3/bin/../lib/gcc/arm-none-eabi/4.8.4/../../../../arm-none-eabi/lib/armv7e-m/fpu/libg_s.a(lib_a-errno.o)
 .ARM.attributes
                0x00000000       0x34 /home/nicky/stm32ubuntu13/gcc-arm-none-eabi-4_8-2014q3/bin/../lib/gcc/arm-none-eabi/4.8.4/../../../../arm-none-eabi/lib/armv7e-m/fpu/libg_s.a(lib_a-errno.o)
 .debug_frame   0x00000000       0x20 /home/nicky/stm32ubuntu13/gcc-arm-none-eabi-4_8-2014q3/bin/../lib/gcc/arm-none-eabi/4.8.4/../../../../arm-none-eabi/lib/armv7e-m/fpu/libg_s.a(lib_a-errno.o)
 .text          0x00000000        0x0 /home/nicky/stm32ubuntu13/gcc-arm-none-eabi-4_8-2014q3/bin/../lib/gcc/arm-none-eabi/4.8.4/../../../../arm-none-eabi/lib/armv7e-m/fpu/libg_s.a(lib_a-findfp.o)
 .data          0x00000000        0x0 /home/nicky/stm32ubuntu13/gcc-arm-none-eabi-4_8-2014q3/bin/../lib/gcc/arm-none-eabi/4.8.4/../../../../arm-none-eabi/lib/armv7e-m/fpu/libg_s.a(lib_a-findfp.o)
 .bss           0x00000000        0x0 /home/nicky/stm32ubuntu13/gcc-arm-none-eabi-4_8-2014q3/bin/../lib/gcc/arm-none-eabi/4.8.4/../../../../arm-none-eabi/lib/armv7e-m/fpu/libg_s.a(lib_a-findfp.o)
 .text.__fp_lock
                0x00000000        0x4 /home/nicky/stm32ubuntu13/gcc-arm-none-eabi-4_8-2014q3/bin/../lib/gcc/arm-none-eabi/4.8.4/../../../../arm-none-eabi/lib/armv7e-m/fpu/libg_s.a(lib_a-findfp.o)
 .text.__fp_unlock
                0x00000000        0x4 /home/nicky/stm32ubuntu13/gcc-arm-none-eabi-4_8-2014q3/bin/../lib/gcc/arm-none-eabi/4.8.4/../../../../arm-none-eabi/lib/armv7e-m/fpu/libg_s.a(lib_a-findfp.o)
 .text._cleanup_r
                0x00000000       0x32 /home/nicky/stm32ubuntu13/gcc-arm-none-eabi-4_8-2014q3/bin/../lib/gcc/arm-none-eabi/4.8.4/../../../../arm-none-eabi/lib/armv7e-m/fpu/libg_s.a(lib_a-findfp.o)
 .text.std.isra.0
                0x00000000       0x48 /home/nicky/stm32ubuntu13/gcc-arm-none-eabi-4_8-2014q3/bin/../lib/gcc/arm-none-eabi/4.8.4/../../../../arm-none-eabi/lib/armv7e-m/fpu/libg_s.a(lib_a-findfp.o)
 .text.__sfmoreglue
                0x00000000       0x2c /home/nicky/stm32ubuntu13/gcc-arm-none-eabi-4_8-2014q3/bin/../lib/gcc/arm-none-eabi/4.8.4/../../../../arm-none-eabi/lib/armv7e-m/fpu/libg_s.a(lib_a-findfp.o)
 .text._cleanup
                0x00000000        0xc /home/nicky/stm32ubuntu13/gcc-arm-none-eabi-4_8-2014q3/bin/../lib/gcc/arm-none-eabi/4.8.4/../../../../arm-none-eabi/lib/armv7e-m/fpu/libg_s.a(lib_a-findfp.o)
 .text.__sinit  0x00000000       0x60 /home/nicky/stm32ubuntu13/gcc-arm-none-eabi-4_8-2014q3/bin/../lib/gcc/arm-none-eabi/4.8.4/../../../../arm-none-eabi/lib/armv7e-m/fpu/libg_s.a(lib_a-findfp.o)
 .text.__sfp    0x00000000       0x74 /home/nicky/stm32ubuntu13/gcc-arm-none-eabi-4_8-2014q3/bin/../lib/gcc/arm-none-eabi/4.8.4/../../../../arm-none-eabi/lib/armv7e-m/fpu/libg_s.a(lib_a-findfp.o)
 .text.__sfp_lock_acquire
                0x00000000        0x2 /home/nicky/stm32ubuntu13/gcc-arm-none-eabi-4_8-2014q3/bin/../lib/gcc/arm-none-eabi/4.8.4/../../../../arm-none-eabi/lib/armv7e-m/fpu/libg_s.a(lib_a-findfp.o)
 .text.__sfp_lock_release
                0x00000000        0x2 /home/nicky/stm32ubuntu13/gcc-arm-none-eabi-4_8-2014q3/bin/../lib/gcc/arm-none-eabi/4.8.4/../../../../arm-none-eabi/lib/armv7e-m/fpu/libg_s.a(lib_a-findfp.o)
 .text.__sinit_lock_acquire
                0x00000000        0x2 /home/nicky/stm32ubuntu13/gcc-arm-none-eabi-4_8-2014q3/bin/../lib/gcc/arm-none-eabi/4.8.4/../../../../arm-none-eabi/lib/armv7e-m/fpu/libg_s.a(lib_a-findfp.o)
 .text.__sinit_lock_release
                0x00000000        0x2 /home/nicky/stm32ubuntu13/gcc-arm-none-eabi-4_8-2014q3/bin/../lib/gcc/arm-none-eabi/4.8.4/../../../../arm-none-eabi/lib/armv7e-m/fpu/libg_s.a(lib_a-findfp.o)
 .text.__fp_lock_all
                0x00000000       0x14 /home/nicky/stm32ubuntu13/gcc-arm-none-eabi-4_8-2014q3/bin/../lib/gcc/arm-none-eabi/4.8.4/../../../../arm-none-eabi/lib/armv7e-m/fpu/libg_s.a(lib_a-findfp.o)
 .text.__fp_unlock_all
                0x00000000       0x14 /home/nicky/stm32ubuntu13/gcc-arm-none-eabi-4_8-2014q3/bin/../lib/gcc/arm-none-eabi/4.8.4/../../../../arm-none-eabi/lib/armv7e-m/fpu/libg_s.a(lib_a-findfp.o)
 .rodata.__sf_fake_stdin
                0x00000000       0x20 /home/nicky/stm32ubuntu13/gcc-arm-none-eabi-4_8-2014q3/bin/../lib/gcc/arm-none-eabi/4.8.4/../../../../arm-none-eabi/lib/armv7e-m/fpu/libg_s.a(lib_a-findfp.o)
 .rodata.__sf_fake_stdout
                0x00000000       0x20 /home/nicky/stm32ubuntu13/gcc-arm-none-eabi-4_8-2014q3/bin/../lib/gcc/arm-none-eabi/4.8.4/../../../../arm-none-eabi/lib/armv7e-m/fpu/libg_s.a(lib_a-findfp.o)
 .rodata.__sf_fake_stderr
                0x00000000       0x20 /home/nicky/stm32ubuntu13/gcc-arm-none-eabi-4_8-2014q3/bin/../lib/gcc/arm-none-eabi/4.8.4/../../../../arm-none-eabi/lib/armv7e-m/fpu/libg_s.a(lib_a-findfp.o)
 .ARM.attributes
                0x00000000       0x34 /home/nicky/stm32ubuntu13/gcc-arm-none-eabi-4_8-2014q3/bin/../lib/gcc/arm-none-eabi/4.8.4/../../../../arm-none-eabi/lib/armv7e-m/fpu/libg_s.a(lib_a-findfp.o)
 .debug_frame   0x00000000      0x12c /home/nicky/stm32ubuntu13/gcc-arm-none-eabi-4_8-2014q3/bin/../lib/gcc/arm-none-eabi/4.8.4/../../../../arm-none-eabi/lib/armv7e-m/fpu/libg_s.a(lib_a-findfp.o)
 .text          0x00000000        0x0 /home/nicky/stm32ubuntu13/gcc-arm-none-eabi-4_8-2014q3/bin/../lib/gcc/arm-none-eabi/4.8.4/../../../../arm-none-eabi/lib/armv7e-m/fpu/libg_s.a(lib_a-fwalk.o)
 .data          0x00000000        0x0 /home/nicky/stm32ubuntu13/gcc-arm-none-eabi-4_8-2014q3/bin/../lib/gcc/arm-none-eabi/4.8.4/../../../../arm-none-eabi/lib/armv7e-m/fpu/libg_s.a(lib_a-fwalk.o)
 .bss           0x00000000        0x0 /home/nicky/stm32ubuntu13/gcc-arm-none-eabi-4_8-2014q3/bin/../lib/gcc/arm-none-eabi/4.8.4/../../../../arm-none-eabi/lib/armv7e-m/fpu/libg_s.a(lib_a-fwalk.o)
 .text._fwalk   0x00000000       0x38 /home/nicky/stm32ubuntu13/gcc-arm-none-eabi-4_8-2014q3/bin/../lib/gcc/arm-none-eabi/4.8.4/../../../../arm-none-eabi/lib/armv7e-m/fpu/libg_s.a(lib_a-fwalk.o)
 .text._fwalk_reent
                0x00000000       0x3c /home/nicky/stm32ubuntu13/gcc-arm-none-eabi-4_8-2014q3/bin/../lib/gcc/arm-none-eabi/4.8.4/../../../../arm-none-eabi/lib/armv7e-m/fpu/libg_s.a(lib_a-fwalk.o)
 .ARM.attributes
                0x00000000       0x34 /home/nicky/stm32ubuntu13/gcc-arm-none-eabi-4_8-2014q3/bin/../lib/gcc/arm-none-eabi/4.8.4/../../../../arm-none-eabi/lib/armv7e-m/fpu/libg_s.a(lib_a-fwalk.o)
 .debug_frame   0x00000000       0x54 /home/nicky/stm32ubuntu13/gcc-arm-none-eabi-4_8-2014q3/bin/../lib/gcc/arm-none-eabi/4.8.4/../../../../arm-none-eabi/lib/armv7e-m/fpu/libg_s.a(lib_a-fwalk.o)
 .text          0x00000000        0x0 /home/nicky/stm32ubuntu13/gcc-arm-none-eabi-4_8-2014q3/bin/../lib/gcc/arm-none-eabi/4.8.4/../../../../arm-none-eabi/lib/armv7e-m/fpu/libg_s.a(lib_a-nano-mallocr.o)
 .data          0x00000000        0x0 /home/nicky/stm32ubuntu13/gcc-arm-none-eabi-4_8-2014q3/bin/../lib/gcc/arm-none-eabi/4.8.4/../../../../arm-none-eabi/lib/armv7e-m/fpu/libg_s.a(lib_a-nano-mallocr.o)
 .bss           0x00000000        0x0 /home/nicky/stm32ubuntu13/gcc-arm-none-eabi-4_8-2014q3/bin/../lib/gcc/arm-none-eabi/4.8.4/../../../../arm-none-eabi/lib/armv7e-m/fpu/libg_s.a(lib_a-nano-mallocr.o)
 .text._malloc_r
                0x00000000       0xa8 /home/nicky/stm32ubuntu13/gcc-arm-none-eabi-4_8-2014q3/bin/../lib/gcc/arm-none-eabi/4.8.4/../../../../arm-none-eabi/lib/armv7e-m/fpu/libg_s.a(lib_a-nano-mallocr.o)
 .bss.__malloc_sbrk_start
                0x00000000        0x4 /home/nicky/stm32ubuntu13/gcc-arm-none-eabi-4_8-2014q3/bin/../lib/gcc/arm-none-eabi/4.8.4/../../../../arm-none-eabi/lib/armv7e-m/fpu/libg_s.a(lib_a-nano-mallocr.o)
 .bss.__malloc_free_list
                0x00000000        0x4 /home/nicky/stm32ubuntu13/gcc-arm-none-eabi-4_8-2014q3/bin/../lib/gcc/arm-none-eabi/4.8.4/../../../../arm-none-eabi/lib/armv7e-m/fpu/libg_s.a(lib_a-nano-mallocr.o)
 .ARM.attributes
                0x00000000       0x34 /home/nicky/stm32ubuntu13/gcc-arm-none-eabi-4_8-2014q3/bin/../lib/gcc/arm-none-eabi/4.8.4/../../../../arm-none-eabi/lib/armv7e-m/fpu/libg_s.a(lib_a-nano-mallocr.o)
 .debug_frame   0x00000000       0x2c /home/nicky/stm32ubuntu13/gcc-arm-none-eabi-4_8-2014q3/bin/../lib/gcc/arm-none-eabi/4.8.4/../../../../arm-none-eabi/lib/armv7e-m/fpu/libg_s.a(lib_a-nano-mallocr.o)
 .text          0x00000000        0x0 /home/nicky/stm32ubuntu13/gcc-arm-none-eabi-4_8-2014q3/bin/../lib/gcc/arm-none-eabi/4.8.4/../../../../arm-none-eabi/lib/armv7e-m/fpu/libg_s.a(lib_a-sbrkr.o)
 .data          0x00000000        0x0 /home/nicky/stm32ubuntu13/gcc-arm-none-eabi-4_8-2014q3/bin/../lib/gcc/arm-none-eabi/4.8.4/../../../../arm-none-eabi/lib/armv7e-m/fpu/libg_s.a(lib_a-sbrkr.o)
 .bss           0x00000000        0x0 /home/nicky/stm32ubuntu13/gcc-arm-none-eabi-4_8-2014q3/bin/../lib/gcc/arm-none-eabi/4.8.4/../../../../arm-none-eabi/lib/armv7e-m/fpu/libg_s.a(lib_a-sbrkr.o)
 .text._sbrk_r  0x00000000       0x20 /home/nicky/stm32ubuntu13/gcc-arm-none-eabi-4_8-2014q3/bin/../lib/gcc/arm-none-eabi/4.8.4/../../../../arm-none-eabi/lib/armv7e-m/fpu/libg_s.a(lib_a-sbrkr.o)
 .ARM.attributes
                0x00000000       0x34 /home/nicky/stm32ubuntu13/gcc-arm-none-eabi-4_8-2014q3/bin/../lib/gcc/arm-none-eabi/4.8.4/../../../../arm-none-eabi/lib/armv7e-m/fpu/libg_s.a(lib_a-sbrkr.o)
 .debug_frame   0x00000000       0x2c /home/nicky/stm32ubuntu13/gcc-arm-none-eabi-4_8-2014q3/bin/../lib/gcc/arm-none-eabi/4.8.4/../../../../arm-none-eabi/lib/armv7e-m/fpu/libg_s.a(lib_a-sbrkr.o)
 .text          0x00000000        0x0 /home/nicky/stm32ubuntu13/gcc-arm-none-eabi-4_8-2014q3/bin/../lib/gcc/arm-none-eabi/4.8.4/../../../../arm-none-eabi/lib/armv7e-m/fpu/libg_s.a(lib_a-stdio.o)
 .data          0x00000000        0x0 /home/nicky/stm32ubuntu13/gcc-arm-none-eabi-4_8-2014q3/bin/../lib/gcc/arm-none-eabi/4.8.4/../../../../arm-none-eabi/lib/armv7e-m/fpu/libg_s.a(lib_a-stdio.o)
 .bss           0x00000000        0x0 /home/nicky/stm32ubuntu13/gcc-arm-none-eabi-4_8-2014q3/bin/../lib/gcc/arm-none-eabi/4.8.4/../../../../arm-none-eabi/lib/armv7e-m/fpu/libg_s.a(lib_a-stdio.o)
 .text.__sread  0x00000000       0x22 /home/nicky/stm32ubuntu13/gcc-arm-none-eabi-4_8-2014q3/bin/../lib/gcc/arm-none-eabi/4.8.4/../../../../arm-none-eabi/lib/armv7e-m/fpu/libg_s.a(lib_a-stdio.o)
 .text.__seofread
                0x00000000        0x4 /home/nicky/stm32ubuntu13/gcc-arm-none-eabi-4_8-2014q3/bin/../lib/gcc/arm-none-eabi/4.8.4/../../../../arm-none-eabi/lib/armv7e-m/fpu/libg_s.a(lib_a-stdio.o)
 .text.__swrite
                0x00000000       0x38 /home/nicky/stm32ubuntu13/gcc-arm-none-eabi-4_8-2014q3/bin/../lib/gcc/arm-none-eabi/4.8.4/../../../../arm-none-eabi/lib/armv7e-m/fpu/libg_s.a(lib_a-stdio.o)
 .text.__sseek  0x00000000       0x24 /home/nicky/stm32ubuntu13/gcc-arm-none-eabi-4_8-2014q3/bin/../lib/gcc/arm-none-eabi/4.8.4/../../../../arm-none-eabi/lib/armv7e-m/fpu/libg_s.a(lib_a-stdio.o)
 .text.__sclose
                0x00000000        0x8 /home/nicky/stm32ubuntu13/gcc-arm-none-eabi-4_8-2014q3/bin/../lib/gcc/arm-none-eabi/4.8.4/../../../../arm-none-eabi/lib/armv7e-m/fpu/libg_s.a(lib_a-stdio.o)
 .ARM.attributes
                0x00000000       0x34 /home/nicky/stm32ubuntu13/gcc-arm-none-eabi-4_8-2014q3/bin/../lib/gcc/arm-none-eabi/4.8.4/../../../../arm-none-eabi/lib/armv7e-m/fpu/libg_s.a(lib_a-stdio.o)
 .debug_frame   0x00000000       0x80 /home/nicky/stm32ubuntu13/gcc-arm-none-eabi-4_8-2014q3/bin/../lib/gcc/arm-none-eabi/4.8.4/../../../../arm-none-eabi/lib/armv7e-m/fpu/libg_s.a(lib_a-stdio.o)
 .text          0x00000000        0x0 /home/nicky/stm32ubuntu13/gcc-arm-none-eabi-4_8-2014q3/bin/../lib/gcc/arm-none-eabi/4.8.4/../../../../arm-none-eabi/lib/armv7e-m/fpu/libg_s.a(lib_a-strlen.o)
 .data          0x00000000        0x0 /home/nicky/stm32ubuntu13/gcc-arm-none-eabi-4_8-2014q3/bin/../lib/gcc/arm-none-eabi/4.8.4/../../../../arm-none-eabi/lib/armv7e-m/fpu/libg_s.a(lib_a-strlen.o)
 .bss           0x00000000        0x0 /home/nicky/stm32ubuntu13/gcc-arm-none-eabi-4_8-2014q3/bin/../lib/gcc/arm-none-eabi/4.8.4/../../../../arm-none-eabi/lib/armv7e-m/fpu/libg_s.a(lib_a-strlen.o)
 .text.strlen   0x00000000       0x10 /home/nicky/stm32ubuntu13/gcc-arm-none-eabi-4_8-2014q3/bin/../lib/gcc/arm-none-eabi/4.8.4/../../../../arm-none-eabi/lib/armv7e-m/fpu/libg_s.a(lib_a-strlen.o)
 .ARM.attributes
                0x00000000       0x34 /home/nicky/stm32ubuntu13/gcc-arm-none-eabi-4_8-2014q3/bin/../lib/gcc/arm-none-eabi/4.8.4/../../../../arm-none-eabi/lib/armv7e-m/fpu/libg_s.a(lib_a-strlen.o)
 .debug_frame   0x00000000       0x20 /home/nicky/stm32ubuntu13/gcc-arm-none-eabi-4_8-2014q3/bin/../lib/gcc/arm-none-eabi/4.8.4/../../../../arm-none-eabi/lib/armv7e-m/fpu/libg_s.a(lib_a-strlen.o)
 .text          0x00000000        0x0 /home/nicky/stm32ubuntu13/gcc-arm-none-eabi-4_8-2014q3/bin/../lib/gcc/arm-none-eabi/4.8.4/../../../../arm-none-eabi/lib/armv7e-m/fpu/libg_s.a(lib_a-writer.o)
 .data          0x00000000        0x0 /home/nicky/stm32ubuntu13/gcc-arm-none-eabi-4_8-2014q3/bin/../lib/gcc/arm-none-eabi/4.8.4/../../../../arm-none-eabi/lib/armv7e-m/fpu/libg_s.a(lib_a-writer.o)
 .bss           0x00000000        0x0 /home/nicky/stm32ubuntu13/gcc-arm-none-eabi-4_8-2014q3/bin/../lib/gcc/arm-none-eabi/4.8.4/../../../../arm-none-eabi/lib/armv7e-m/fpu/libg_s.a(lib_a-writer.o)
 .text._write_r
                0x00000000       0x24 /home/nicky/stm32ubuntu13/gcc-arm-none-eabi-4_8-2014q3/bin/../lib/gcc/arm-none-eabi/4.8.4/../../../../arm-none-eabi/lib/armv7e-m/fpu/libg_s.a(lib_a-writer.o)
 .ARM.attributes
                0x00000000       0x34 /home/nicky/stm32ubuntu13/gcc-arm-none-eabi-4_8-2014q3/bin/../lib/gcc/arm-none-eabi/4.8.4/../../../../arm-none-eabi/lib/armv7e-m/fpu/libg_s.a(lib_a-writer.o)
 .debug_frame   0x00000000       0x2c /home/nicky/stm32ubuntu13/gcc-arm-none-eabi-4_8-2014q3/bin/../lib/gcc/arm-none-eabi/4.8.4/../../../../arm-none-eabi/lib/armv7e-m/fpu/libg_s.a(lib_a-writer.o)
 .text          0x00000000        0x0 /home/nicky/stm32ubuntu13/gcc-arm-none-eabi-4_8-2014q3/bin/../lib/gcc/arm-none-eabi/4.8.4/../../../../arm-none-eabi/lib/armv7e-m/fpu/libg_s.a(lib_a-closer.o)
 .data          0x00000000        0x0 /home/nicky/stm32ubuntu13/gcc-arm-none-eabi-4_8-2014q3/bin/../lib/gcc/arm-none-eabi/4.8.4/../../../../arm-none-eabi/lib/armv7e-m/fpu/libg_s.a(lib_a-closer.o)
 .bss           0x00000000        0x0 /home/nicky/stm32ubuntu13/gcc-arm-none-eabi-4_8-2014q3/bin/../lib/gcc/arm-none-eabi/4.8.4/../../../../arm-none-eabi/lib/armv7e-m/fpu/libg_s.a(lib_a-closer.o)
 .text._close_r
                0x00000000       0x20 /home/nicky/stm32ubuntu13/gcc-arm-none-eabi-4_8-2014q3/bin/../lib/gcc/arm-none-eabi/4.8.4/../../../../arm-none-eabi/lib/armv7e-m/fpu/libg_s.a(lib_a-closer.o)
 .ARM.attributes
                0x00000000       0x34 /home/nicky/stm32ubuntu13/gcc-arm-none-eabi-4_8-2014q3/bin/../lib/gcc/arm-none-eabi/4.8.4/../../../../arm-none-eabi/lib/armv7e-m/fpu/libg_s.a(lib_a-closer.o)
 .debug_frame   0x00000000       0x2c /home/nicky/stm32ubuntu13/gcc-arm-none-eabi-4_8-2014q3/bin/../lib/gcc/arm-none-eabi/4.8.4/../../../../arm-none-eabi/lib/armv7e-m/fpu/libg_s.a(lib_a-closer.o)
 .text          0x00000000        0x0 /home/nicky/stm32ubuntu13/gcc-arm-none-eabi-4_8-2014q3/bin/../lib/gcc/arm-none-eabi/4.8.4/../../../../arm-none-eabi/lib/armv7e-m/fpu/libg_s.a(lib_a-fflush.o)
 .data          0x00000000        0x0 /home/nicky/stm32ubuntu13/gcc-arm-none-eabi-4_8-2014q3/bin/../lib/gcc/arm-none-eabi/4.8.4/../../../../arm-none-eabi/lib/armv7e-m/fpu/libg_s.a(lib_a-fflush.o)
 .bss           0x00000000        0x0 /home/nicky/stm32ubuntu13/gcc-arm-none-eabi-4_8-2014q3/bin/../lib/gcc/arm-none-eabi/4.8.4/../../../../arm-none-eabi/lib/armv7e-m/fpu/libg_s.a(lib_a-fflush.o)
 .text.__sflush_r
                0x00000000      0x106 /home/nicky/stm32ubuntu13/gcc-arm-none-eabi-4_8-2014q3/bin/../lib/gcc/arm-none-eabi/4.8.4/../../../../arm-none-eabi/lib/armv7e-m/fpu/libg_s.a(lib_a-fflush.o)
 .text._fflush_r
                0x00000000       0x54 /home/nicky/stm32ubuntu13/gcc-arm-none-eabi-4_8-2014q3/bin/../lib/gcc/arm-none-eabi/4.8.4/../../../../arm-none-eabi/lib/armv7e-m/fpu/libg_s.a(lib_a-fflush.o)
 .text.fflush   0x00000000       0x24 /home/nicky/stm32ubuntu13/gcc-arm-none-eabi-4_8-2014q3/bin/../lib/gcc/arm-none-eabi/4.8.4/../../../../arm-none-eabi/lib/armv7e-m/fpu/libg_s.a(lib_a-fflush.o)
 .ARM.attributes
                0x00000000       0x34 /home/nicky/stm32ubuntu13/gcc-arm-none-eabi-4_8-2014q3/bin/../lib/gcc/arm-none-eabi/4.8.4/../../../../arm-none-eabi/lib/armv7e-m/fpu/libg_s.a(lib_a-fflush.o)
 .debug_frame   0x00000000       0x5c /home/nicky/stm32ubuntu13/gcc-arm-none-eabi-4_8-2014q3/bin/../lib/gcc/arm-none-eabi/4.8.4/../../../../arm-none-eabi/lib/armv7e-m/fpu/libg_s.a(lib_a-fflush.o)
 .text          0x00000000        0x0 /home/nicky/stm32ubuntu13/gcc-arm-none-eabi-4_8-2014q3/bin/../lib/gcc/arm-none-eabi/4.8.4/../../../../arm-none-eabi/lib/armv7e-m/fpu/libg_s.a(lib_a-lseekr.o)
 .data          0x00000000        0x0 /home/nicky/stm32ubuntu13/gcc-arm-none-eabi-4_8-2014q3/bin/../lib/gcc/arm-none-eabi/4.8.4/../../../../arm-none-eabi/lib/armv7e-m/fpu/libg_s.a(lib_a-lseekr.o)
 .bss           0x00000000        0x0 /home/nicky/stm32ubuntu13/gcc-arm-none-eabi-4_8-2014q3/bin/../lib/gcc/arm-none-eabi/4.8.4/../../../../arm-none-eabi/lib/armv7e-m/fpu/libg_s.a(lib_a-lseekr.o)
 .text._lseek_r
                0x00000000       0x24 /home/nicky/stm32ubuntu13/gcc-arm-none-eabi-4_8-2014q3/bin/../lib/gcc/arm-none-eabi/4.8.4/../../../../arm-none-eabi/lib/armv7e-m/fpu/libg_s.a(lib_a-lseekr.o)
 .ARM.attributes
                0x00000000       0x34 /home/nicky/stm32ubuntu13/gcc-arm-none-eabi-4_8-2014q3/bin/../lib/gcc/arm-none-eabi/4.8.4/../../../../arm-none-eabi/lib/armv7e-m/fpu/libg_s.a(lib_a-lseekr.o)
 .debug_frame   0x00000000       0x2c /home/nicky/stm32ubuntu13/gcc-arm-none-eabi-4_8-2014q3/bin/../lib/gcc/arm-none-eabi/4.8.4/../../../../arm-none-eabi/lib/armv7e-m/fpu/libg_s.a(lib_a-lseekr.o)
 .text          0x00000000        0x0 /home/nicky/stm32ubuntu13/gcc-arm-none-eabi-4_8-2014q3/bin/../lib/gcc/arm-none-eabi/4.8.4/../../../../arm-none-eabi/lib/armv7e-m/fpu/libg_s.a(lib_a-nano-freer.o)
 .data          0x00000000        0x0 /home/nicky/stm32ubuntu13/gcc-arm-none-eabi-4_8-2014q3/bin/../lib/gcc/arm-none-eabi/4.8.4/../../../../arm-none-eabi/lib/armv7e-m/fpu/libg_s.a(lib_a-nano-freer.o)
 .bss           0x00000000        0x0 /home/nicky/stm32ubuntu13/gcc-arm-none-eabi-4_8-2014q3/bin/../lib/gcc/arm-none-eabi/4.8.4/../../../../arm-none-eabi/lib/armv7e-m/fpu/libg_s.a(lib_a-nano-freer.o)
 .text._free_r  0x00000000       0x88 /home/nicky/stm32ubuntu13/gcc-arm-none-eabi-4_8-2014q3/bin/../lib/gcc/arm-none-eabi/4.8.4/../../../../arm-none-eabi/lib/armv7e-m/fpu/libg_s.a(lib_a-nano-freer.o)
 .ARM.attributes
                0x00000000       0x34 /home/nicky/stm32ubuntu13/gcc-arm-none-eabi-4_8-2014q3/bin/../lib/gcc/arm-none-eabi/4.8.4/../../../../arm-none-eabi/lib/armv7e-m/fpu/libg_s.a(lib_a-nano-freer.o)
 .debug_frame   0x00000000       0x2c /home/nicky/stm32ubuntu13/gcc-arm-none-eabi-4_8-2014q3/bin/../lib/gcc/arm-none-eabi/4.8.4/../../../../arm-none-eabi/lib/armv7e-m/fpu/libg_s.a(lib_a-nano-freer.o)
 .text          0x00000000        0x0 /home/nicky/stm32ubuntu13/gcc-arm-none-eabi-4_8-2014q3/bin/../lib/gcc/arm-none-eabi/4.8.4/../../../../arm-none-eabi/lib/armv7e-m/fpu/libg_s.a(lib_a-readr.o)
 .data          0x00000000        0x0 /home/nicky/stm32ubuntu13/gcc-arm-none-eabi-4_8-2014q3/bin/../lib/gcc/arm-none-eabi/4.8.4/../../../../arm-none-eabi/lib/armv7e-m/fpu/libg_s.a(lib_a-readr.o)
 .bss           0x00000000        0x0 /home/nicky/stm32ubuntu13/gcc-arm-none-eabi-4_8-2014q3/bin/../lib/gcc/arm-none-eabi/4.8.4/../../../../arm-none-eabi/lib/armv7e-m/fpu/libg_s.a(lib_a-readr.o)
 .text._read_r  0x00000000       0x24 /home/nicky/stm32ubuntu13/gcc-arm-none-eabi-4_8-2014q3/bin/../lib/gcc/arm-none-eabi/4.8.4/../../../../arm-none-eabi/lib/armv7e-m/fpu/libg_s.a(lib_a-readr.o)
 .ARM.attributes
                0x00000000       0x34 /home/nicky/stm32ubuntu13/gcc-arm-none-eabi-4_8-2014q3/bin/../lib/gcc/arm-none-eabi/4.8.4/../../../../arm-none-eabi/lib/armv7e-m/fpu/libg_s.a(lib_a-readr.o)
 .debug_frame   0x00000000       0x2c /home/nicky/stm32ubuntu13/gcc-arm-none-eabi-4_8-2014q3/bin/../lib/gcc/arm-none-eabi/4.8.4/../../../../arm-none-eabi/lib/armv7e-m/fpu/libg_s.a(lib_a-readr.o)
 .text          0x00000000        0x0 /home/nicky/stm32ubuntu13/gcc-arm-none-eabi-4_8-2014q3/bin/../lib/gcc/arm-none-eabi/4.8.4/../../../../arm-none-eabi/lib/armv7e-m/fpu/libg_s.a(lib_a-reent.o)
 .data          0x00000000        0x0 /home/nicky/stm32ubuntu13/gcc-arm-none-eabi-4_8-2014q3/bin/../lib/gcc/arm-none-eabi/4.8.4/../../../../arm-none-eabi/lib/armv7e-m/fpu/libg_s.a(lib_a-reent.o)
 .bss           0x00000000        0x0 /home/nicky/stm32ubuntu13/gcc-arm-none-eabi-4_8-2014q3/bin/../lib/gcc/arm-none-eabi/4.8.4/../../../../arm-none-eabi/lib/armv7e-m/fpu/libg_s.a(lib_a-reent.o)
 .text.cleanup_glue
                0x00000000       0x1a /home/nicky/stm32ubuntu13/gcc-arm-none-eabi-4_8-2014q3/bin/../lib/gcc/arm-none-eabi/4.8.4/../../../../arm-none-eabi/lib/armv7e-m/fpu/libg_s.a(lib_a-reent.o)
 .text._reclaim_reent
                0x00000000       0xbc /home/nicky/stm32ubuntu13/gcc-arm-none-eabi-4_8-2014q3/bin/../lib/gcc/arm-none-eabi/4.8.4/../../../../arm-none-eabi/lib/armv7e-m/fpu/libg_s.a(lib_a-reent.o)
 .ARM.attributes
                0x00000000       0x34 /home/nicky/stm32ubuntu13/gcc-arm-none-eabi-4_8-2014q3/bin/../lib/gcc/arm-none-eabi/4.8.4/../../../../arm-none-eabi/lib/armv7e-m/fpu/libg_s.a(lib_a-reent.o)
 .debug_frame   0x00000000       0x48 /home/nicky/stm32ubuntu13/gcc-arm-none-eabi-4_8-2014q3/bin/../lib/gcc/arm-none-eabi/4.8.4/../../../../arm-none-eabi/lib/armv7e-m/fpu/libg_s.a(lib_a-reent.o)
 COMMON         0x00000000        0x4 /home/nicky/stm32ubuntu13/gcc-arm-none-eabi-4_8-2014q3/bin/../lib/gcc/arm-none-eabi/4.8.4/../../../../arm-none-eabi/lib/armv7e-m/fpu/libg_s.a(lib_a-reent.o)
 .text          0x00000000        0x0 /home/nicky/stm32ubuntu13/gcc-arm-none-eabi-4_8-2014q3/bin/../lib/gcc/arm-none-eabi/4.8.4/armv7e-m/fpu/crtend.o
 .data          0x00000000        0x0 /home/nicky/stm32ubuntu13/gcc-arm-none-eabi-4_8-2014q3/bin/../lib/gcc/arm-none-eabi/4.8.4/armv7e-m/fpu/crtend.o
 .bss           0x00000000        0x0 /home/nicky/stm32ubuntu13/gcc-arm-none-eabi-4_8-2014q3/bin/../lib/gcc/arm-none-eabi/4.8.4/armv7e-m/fpu/crtend.o
 .eh_frame      0x00000000        0x4 /home/nicky/stm32ubuntu13/gcc-arm-none-eabi-4_8-2014q3/bin/../lib/gcc/arm-none-eabi/4.8.4/armv7e-m/fpu/crtend.o
 .jcr           0x00000000        0x4 /home/nicky/stm32ubuntu13/gcc-arm-none-eabi-4_8-2014q3/bin/../lib/gcc/arm-none-eabi/4.8.4/armv7e-m/fpu/crtend.o
 .ARM.attributes
                0x00000000       0x34 /home/nicky/stm32ubuntu13/gcc-arm-none-eabi-4_8-2014q3/bin/../lib/gcc/arm-none-eabi/4.8.4/armv7e-m/fpu/crtend.o
 .text          0x00000000        0x0 /home/nicky/stm32ubuntu13/gcc-arm-none-eabi-4_8-2014q3/bin/../lib/gcc/arm-none-eabi/4.8.4/armv7e-m/fpu/crtn.o
 .data          0x00000000        0x0 /home/nicky/stm32ubuntu13/gcc-arm-none-eabi-4_8-2014q3/bin/../lib/gcc/arm-none-eabi/4.8.4/armv7e-m/fpu/crtn.o
 .bss           0x00000000        0x0 /home/nicky/stm32ubuntu13/gcc-arm-none-eabi-4_8-2014q3/bin/../lib/gcc/arm-none-eabi/4.8.4/armv7e-m/fpu/crtn.o

Memory Configuration

Name             Origin             Length             Attributes
FLASH            0x08000000         0x00040000         xr
RAM              0x20000000         0x00008000         xrw
*default*        0x00000000         0xffffffff

Linker script and memory map

LOAD /home/nicky/stm32ubuntu13/gcc-arm-none-eabi-4_8-2014q3/bin/../lib/gcc/arm-none-eabi/4.8.4/armv7e-m/fpu/crti.o
LOAD /home/nicky/stm32ubuntu13/gcc-arm-none-eabi-4_8-2014q3/bin/../lib/gcc/arm-none-eabi/4.8.4/armv7e-m/fpu/crtbegin.o
LOAD /home/nicky/stm32ubuntu13/gcc-arm-none-eabi-4_8-2014q3/bin/../lib/gcc/arm-none-eabi/4.8.4/../../../../arm-none-eabi/lib/armv7e-m/fpu/rdimon-crt0.o
START GROUP
LOAD /home/nicky/stm32ubuntu13/gcc-arm-none-eabi-4_8-2014q3/bin/../lib/gcc/arm-none-eabi/4.8.4/armv7e-m/fpu/libgcc.a
LOAD /home/nicky/stm32ubuntu13/gcc-arm-none-eabi-4_8-2014q3/bin/../lib/gcc/arm-none-eabi/4.8.4/../../../../arm-none-eabi/lib/armv7e-m/fpu/libc_s.a
LOAD /home/nicky/stm32ubuntu13/gcc-arm-none-eabi-4_8-2014q3/bin/../lib/gcc/arm-none-eabi/4.8.4/../../../../arm-none-eabi/lib/armv7e-m/fpu/libm.a
LOAD /home/nicky/stm32ubuntu13/gcc-arm-none-eabi-4_8-2014q3/bin/../lib/gcc/arm-none-eabi/4.8.4/../../../../arm-none-eabi/lib/armv7e-m/fpu/librdimon_s.a
LOAD objs/main.o
LOAD objs/stm32f3_discovery.o
LOAD objs/system_stm32f30x.o
LOAD /tmp/ccQ2d9iK.o
LOAD ../../../Libraries/libstm32f3.a
START GROUP
LOAD /home/nicky/stm32ubuntu13/gcc-arm-none-eabi-4_8-2014q3/bin/../lib/gcc/arm-none-eabi/4.8.4/armv7e-m/fpu/libgcc.a
LOAD /home/nicky/stm32ubuntu13/gcc-arm-none-eabi-4_8-2014q3/bin/../lib/gcc/arm-none-eabi/4.8.4/../../../../arm-none-eabi/lib/armv7e-m/fpu/libg_s.a
LOAD /home/nicky/stm32ubuntu13/gcc-arm-none-eabi-4_8-2014q3/bin/../lib/gcc/arm-none-eabi/4.8.4/../../../../arm-none-eabi/lib/armv7e-m/fpu/libc_s.a
END GROUP
START GROUP
LOAD /home/nicky/stm32ubuntu13/gcc-arm-none-eabi-4_8-2014q3/bin/../lib/gcc/arm-none-eabi/4.8.4/armv7e-m/fpu/libgcc.a
LOAD /home/nicky/stm32ubuntu13/gcc-arm-none-eabi-4_8-2014q3/bin/../lib/gcc/arm-none-eabi/4.8.4/../../../../arm-none-eabi/lib/armv7e-m/fpu/libc_s.a
LOAD /home/nicky/stm32ubuntu13/gcc-arm-none-eabi-4_8-2014q3/bin/../lib/gcc/arm-none-eabi/4.8.4/../../../../arm-none-eabi/lib/armv7e-m/fpu/librdimon_s.a
END GROUP
START GROUP
LOAD /home/nicky/stm32ubuntu13/gcc-arm-none-eabi-4_8-2014q3/bin/../lib/gcc/arm-none-eabi/4.8.4/armv7e-m/fpu/libgcc.a
LOAD /home/nicky/stm32ubuntu13/gcc-arm-none-eabi-4_8-2014q3/bin/../lib/gcc/arm-none-eabi/4.8.4/../../../../arm-none-eabi/lib/armv7e-m/fpu/libc_s.a
LOAD /home/nicky/stm32ubuntu13/gcc-arm-none-eabi-4_8-2014q3/bin/../lib/gcc/arm-none-eabi/4.8.4/../../../../arm-none-eabi/lib/armv7e-m/fpu/librdimon_s.a
END GROUP
LOAD /home/nicky/stm32ubuntu13/gcc-arm-none-eabi-4_8-2014q3/bin/../lib/gcc/arm-none-eabi/4.8.4/armv7e-m/fpu/crtend.o
LOAD /home/nicky/stm32ubuntu13/gcc-arm-none-eabi-4_8-2014q3/bin/../lib/gcc/arm-none-eabi/4.8.4/armv7e-m/fpu/crtn.o
                0x20008000                _estack = 0x20008000

.isr_vector     0x08000000      0x188
                0x08000000                . = ALIGN (0x4)
 *(.isr_vector)
 .isr_vector    0x08000000      0x188 /tmp/ccQ2d9iK.o
                0x08000000                g_pfnVectors
                0x08000188                . = ALIGN (0x4)

.text           0x08000188      0x2c0
                0x08000188                . = ALIGN (0x4)
 *(.text)
 *(.text.*)
 .text.__libc_init_array
                0x08000188       0x4c /home/nicky/stm32ubuntu13/gcc-arm-none-eabi-4_8-2014q3/bin/../lib/gcc/arm-none-eabi/4.8.4/../../../../arm-none-eabi/lib/armv7e-m/fpu/libc_s.a(lib_a-init.o)
                0x08000188                __libc_init_array
 .text.main     0x080001d4       0x94 objs/main.o
                0x080001d4                main
 .text.SystemInit
                0x08000268       0x90 objs/system_stm32f30x.o
                0x08000268                SystemInit
 .text.SetSysClock
                0x080002f8       0xe0 objs/system_stm32f30x.o
 .text.Reset_Handler
                0x080003d8       0x54 /tmp/ccQ2d9iK.o
                0x080003d8                Reset_Handler
 .text.Default_Handler
                0x0800042c        0x4 /tmp/ccQ2d9iK.o
                0x0800042c                RTC_Alarm_IRQHandler
                0x0800042c                TIM8_TRG_COM_IRQHandler
                0x0800042c                TIM8_CC_IRQHandler
                0x0800042c                DebugMon_Handler
                0x0800042c                TIM1_CC_IRQHandler
                0x0800042c                HardFault_Handler
                0x0800042c                USB_HP_IRQHandler
                0x0800042c                SysTick_Handler
                0x0800042c                PVD_IRQHandler
                0x0800042c                PendSV_Handler
                0x0800042c                NMI_Handler
                0x0800042c                EXTI3_IRQHandler
                0x0800042c                EXTI0_IRQHandler
                0x0800042c                I2C2_EV_IRQHandler
                0x0800042c                FPU_IRQHandler
                0x0800042c                EXTI2_TS_IRQHandler
                0x0800042c                TIM1_UP_TIM16_IRQHandler
                0x0800042c                UsageFault_Handler
                0x0800042c                ADC1_2_IRQHandler
                0x0800042c                SPI1_IRQHandler
                0x0800042c                TIM6_DAC_IRQHandler
                0x0800042c                TIM8_UP_IRQHandler
                0x0800042c                DMA2_Channel2_IRQHandler
                0x0800042c                DMA1_Channel4_IRQHandler
                0x0800042c                USART3_IRQHandler
                0x0800042c                DMA1_Channel7_IRQHandler
                0x0800042c                CAN1_RX1_IRQHandler
                0x0800042c                UART5_IRQHandler
                0x0800042c                ADC3_IRQHandler
                0x0800042c                TIM4_IRQHandler
                0x0800042c                DMA2_Channel1_IRQHandler
                0x0800042c                I2C1_EV_IRQHandler
                0x0800042c                DMA1_Channel6_IRQHandler
                0x0800042c                UART4_IRQHandler
                0x0800042c                DMA2_Channel4_IRQHandler
                0x0800042c                TIM3_IRQHandler
                0x0800042c                RCC_IRQHandler
                0x0800042c                DMA1_Channel1_IRQHandler
                0x0800042c                Default_Handler
                0x0800042c                USBWakeUp_RMP_IRQHandler
                0x0800042c                EXTI15_10_IRQHandler
                0x0800042c                TIM7_IRQHandler
                0x0800042c                EXTI9_5_IRQHandler
                0x0800042c                TAMPER_STAMP_IRQHandler
                0x0800042c                RTC_WKUP_IRQHandler
                0x0800042c                SPI2_IRQHandler
                0x0800042c                MemManage_Handler
                0x0800042c                SVC_Handler
                0x0800042c                DMA2_Channel5_IRQHandler
                0x0800042c                DMA1_Channel5_IRQHandler
                0x0800042c                USB_LP_IRQHandler
                0x0800042c                EXTI4_IRQHandler
                0x0800042c                USB_LP_CAN1_RX0_IRQHandler
                0x0800042c                TIM1_TRG_COM_TIM17_IRQHandler
                0x0800042c                USB_HP_CAN1_TX_IRQHandler
                0x0800042c                DMA1_Channel3_IRQHandler
                0x0800042c                ADC4_IRQHandler
                0x0800042c                WWDG_IRQHandler
                0x0800042c                TIM2_IRQHandler
                0x0800042c                COMP7_IRQHandler
                0x0800042c                COMP1_2_3_IRQHandler
                0x0800042c                EXTI1_IRQHandler
                0x0800042c                USART2_IRQHandler
                0x0800042c                COMP4_5_6_IRQHandler
                0x0800042c                I2C2_ER_IRQHandler
                0x0800042c                DMA1_Channel2_IRQHandler
                0x0800042c                TIM8_BRK_IRQHandler
                0x0800042c                CAN1_SCE_IRQHandler
                0x0800042c                FLASH_IRQHandler
                0x0800042c                BusFault_Handler
                0x0800042c                USART1_IRQHandler
                0x0800042c                SPI3_IRQHandler
                0x0800042c                I2C1_ER_IRQHandler
                0x0800042c                USBWakeUp_IRQHandler
                0x0800042c                DMA2_Channel3_IRQHandler
                0x0800042c                TIM1_BRK_TIM15_IRQHandler
 *(.rodata)
 *(.rodata*)
 *(.glue_7)
 .glue_7        0x00000000        0x0 linker stubs
 *(.glue_7t)
 .glue_7t       0x00000000        0x0 linker stubs
 *(.init)
 .init          0x08000430        0x4 /home/nicky/stm32ubuntu13/gcc-arm-none-eabi-4_8-2014q3/bin/../lib/gcc/arm-none-eabi/4.8.4/armv7e-m/fpu/crti.o
                0x08000430                _init
 .init          0x08000434        0x8 /home/nicky/stm32ubuntu13/gcc-arm-none-eabi-4_8-2014q3/bin/../lib/gcc/arm-none-eabi/4.8.4/armv7e-m/fpu/crtn.o
 *(.fini)
 .fini          0x0800043c        0x4 /home/nicky/stm32ubuntu13/gcc-arm-none-eabi-4_8-2014q3/bin/../lib/gcc/arm-none-eabi/4.8.4/armv7e-m/fpu/crti.o
                0x0800043c                _fini
 .fini          0x08000440        0x8 /home/nicky/stm32ubuntu13/gcc-arm-none-eabi-4_8-2014q3/bin/../lib/gcc/arm-none-eabi/4.8.4/armv7e-m/fpu/crtn.o
                0x08000448                . = ALIGN (0x4)
                0x08000448                _etext = .
                0x08000448                _sidata = _etext

.vfp11_veneer   0x08000448        0x0
 .vfp11_veneer  0x00000000        0x0 linker stubs

.v4_bx          0x08000448        0x0
 .v4_bx         0x00000000        0x0 linker stubs

.iplt           0x08000448        0x0
 .iplt          0x00000000        0x0 /home/nicky/stm32ubuntu13/gcc-arm-none-eabi-4_8-2014q3/bin/../lib/gcc/arm-none-eabi/4.8.4/armv7e-m/fpu/crtbegin.o

.rel.dyn        0x08000448        0x0
 .rel.iplt      0x00000000        0x0 /home/nicky/stm32ubuntu13/gcc-arm-none-eabi-4_8-2014q3/bin/../lib/gcc/arm-none-eabi/4.8.4/armv7e-m/fpu/crtbegin.o

.data           0x20000000        0x0 load address 0x08000448
                0x20000000                . = ALIGN (0x4)
                0x20000000                _sdata = .
                0x20000000                _data = .
 *(.data)
 *(.data.*)
 *(.RAMtext)
                0x20000000                . = ALIGN (0x4)
                0x20000000                _edata = .

.igot.plt       0x20000000        0x0
 .igot.plt      0x00000000        0x0 /home/nicky/stm32ubuntu13/gcc-arm-none-eabi-4_8-2014q3/bin/../lib/gcc/arm-none-eabi/4.8.4/armv7e-m/fpu/crtbegin.o

.bss            0x20000000        0x0
                0x20000000                . = ALIGN (0x4)
                0x20000000                _sbss = .
                0x20000000                _bss = .
 *(.bss)
 *(.bss.*)
 *(COMMON)
                0x20000000                . = ALIGN (0x4)
                0x20000000                _ebss = .
                0x20000000                PROVIDE (end, _ebss)
                0x20000000                PROVIDE (_end, _ebss)
                0x20000000                __exidx_start = .
                0x20000000                __exidx_end = .

/DISCARD/
 libc.a(*)
 libm.a(*)
 libgcc.a(*)

.stab
 *(.stab)

.stabstr
 *(.stabstr)

.stab.excl
 *(.stab.excl)

.stab.exclstr
 *(.stab.exclstr)

.stab.index
 *(.stab.index)

.stab.indexstr
 *(.stab.indexstr)

.comment        0x00000000       0x70
 *(.comment)
 .comment       0x00000000       0x70 objs/main.o
                                 0x71 (size before relaxing)
 .comment       0x00000000       0x71 objs/system_stm32f30x.o

.ARM.attributes
                0x00000000       0x30
 .ARM.attributes
                0x00000000       0x22 /home/nicky/stm32ubuntu13/gcc-arm-none-eabi-4_8-2014q3/bin/../lib/gcc/arm-none-eabi/4.8.4/armv7e-m/fpu/crti.o
 .ARM.attributes
                0x00000022       0x34 /home/nicky/stm32ubuntu13/gcc-arm-none-eabi-4_8-2014q3/bin/../lib/gcc/arm-none-eabi/4.8.4/../../../../arm-none-eabi/lib/armv7e-m/fpu/libc_s.a(lib_a-init.o)
 .ARM.attributes
                0x00000056       0x39 objs/main.o
 .ARM.attributes
                0x0000008f       0x39 objs/system_stm32f30x.o
 .ARM.attributes
                0x000000c8       0x21 /tmp/ccQ2d9iK.o
 .ARM.attributes
                0x000000e9       0x22 /home/nicky/stm32ubuntu13/gcc-arm-none-eabi-4_8-2014q3/bin/../lib/gcc/arm-none-eabi/4.8.4/armv7e-m/fpu/crtn.o

.debug
 *(.debug)

.line
 *(.line)

.debug_srcinfo
 *(.debug_srcinfo)

.debug_sfnames
 *(.debug_sfnames)

.debug_aranges  0x00000000       0x78
 *(.debug_aranges)
 .debug_aranges
                0x00000000       0x20 objs/main.o
 .debug_aranges
                0x00000020       0x30 objs/system_stm32f30x.o
 .debug_aranges
                0x00000050       0x28 /tmp/ccQ2d9iK.o

.debug_pubnames
 *(.debug_pubnames)

.debug_info     0x00000000      0x93e
 *(.debug_info .gnu.linkonce.wi.*)
 .debug_info    0x00000000      0x415 objs/main.o
 .debug_info    0x00000415      0x4a0 objs/system_stm32f30x.o
 .debug_info    0x000008b5       0x89 /tmp/ccQ2d9iK.o

.debug_abbrev   0x00000000      0x212
 *(.debug_abbrev)
 .debug_abbrev  0x00000000       0xb6 objs/main.o
 .debug_abbrev  0x000000b6      0x14a objs/system_stm32f30x.o
 .debug_abbrev  0x00000200       0x12 /tmp/ccQ2d9iK.o

.debug_line     0x00000000      0xa5b
 *(.debug_line)
 .debug_line    0x00000000      0x4ce objs/main.o
 .debug_line    0x000004ce      0x50d objs/system_stm32f30x.o
 .debug_line    0x000009db       0x80 /tmp/ccQ2d9iK.o

.debug_frame    0x00000000       0xb8
 *(.debug_frame)
 .debug_frame   0x00000000       0x2c /home/nicky/stm32ubuntu13/gcc-arm-none-eabi-4_8-2014q3/bin/../lib/gcc/arm-none-eabi/4.8.4/../../../../arm-none-eabi/lib/armv7e-m/fpu/libc_s.a(lib_a-init.o)
 .debug_frame   0x0000002c       0x28 objs/main.o
 .debug_frame   0x00000054       0x64 objs/system_stm32f30x.o

.debug_str      0x00000000    0x533a2
 *(.debug_str)
 .debug_str     0x00000000    0x53258 objs/main.o
                              0x533bc (size before relaxing)
 .debug_str     0x00053258      0x14a objs/system_stm32f30x.o
                              0x53092 (size before relaxing)

.debug_loc
 *(.debug_loc)

.debug_macinfo
 *(.debug_macinfo)

.debug_weaknames
 *(.debug_weaknames)

.debug_funcnames
 *(.debug_funcnames)

.debug_typenames
 *(.debug_typenames)

.debug_varnames
 *(.debug_varnames)
END GROUP
OUTPUT(main.elf elf32-littlearm)

.debug_ranges   0x00000000       0x50
 .debug_ranges  0x00000000       0x10 objs/main.o
 .debug_ranges  0x00000010       0x20 objs/system_stm32f30x.o
 .debug_ranges  0x00000030       0x20 /tmp/ccQ2d9iK.o

.debug_macro    0x00000000     0xcb26
 .debug_macro   0x00000000      0x183 objs/main.o
 .debug_macro   0x00000183      0x856 objs/main.o
 .debug_macro   0x000009d9       0x7a objs/main.o
 .debug_macro   0x00000a53       0x3b objs/main.o
 .debug_macro   0x00000a8e       0x16 objs/main.o
 .debug_macro   0x00000aa4       0x44 objs/main.o
 .debug_macro   0x00000ae8      0x209 objs/main.o
 .debug_macro   0x00000cf1       0x18 objs/main.o
 .debug_macro   0x00000d09       0x42 objs/main.o
 .debug_macro   0x00000d4b      0xc91 objs/main.o
 .debug_macro   0x000019dc     0x76cc objs/main.o
 .debug_macro   0x000090a8      0x521 objs/main.o
 .debug_macro   0x000095c9      0x3cf objs/main.o
 .debug_macro   0x00009998       0x46 objs/main.o
 .debug_macro   0x000099de      0x231 objs/main.o
 .debug_macro   0x00009c0f      0x196 objs/main.o
 .debug_macro   0x00009da5       0x8e objs/main.o
 .debug_macro   0x00009e33      0x3a8 objs/main.o
 .debug_macro   0x0000a1db      0x114 objs/main.o
 .debug_macro   0x0000a2ef      0x1e4 objs/main.o
 .debug_macro   0x0000a4d3      0x1a1 objs/main.o
 .debug_macro   0x0000a674      0x1df objs/main.o
 .debug_macro   0x0000a853      0x29a objs/main.o
 .debug_macro   0x0000aaed       0x70 objs/main.o
 .debug_macro   0x0000ab5d      0x10c objs/main.o
 .debug_macro   0x0000ac69       0xb8 objs/main.o
 .debug_macro   0x0000ad21      0x5c6 objs/main.o
 .debug_macro   0x0000b2e7      0x551 objs/main.o
 .debug_macro   0x0000b838      0x3ab objs/main.o
 .debug_macro   0x0000bbe3      0x8d8 objs/main.o
 .debug_macro   0x0000c4bb      0x364 objs/main.o
 .debug_macro   0x0000c81f       0x34 objs/main.o
 .debug_macro   0x0000c853       0x89 objs/main.o
 .debug_macro   0x0000c8dc       0xd8 objs/main.o
 .debug_macro   0x0000c9b4      0x172 objs/system_stm32f30x.o
